<html>
<body>
<pre>
<h1>µVision Build Log</h1>
<h2>Tool Versions:</h2>
IDE-Version: ¦ÌVision V5.24.2.0
Copyright (C) 2017 ARM Ltd and ARM Germany GmbH. All rights reserved.
License Information: A a, s, LIC=ZB4EI-TGEIV-VEAHA-1787X-9BMKK-M4EB4
 
Tool Versions:
Toolchain:       MDK-ARM Plus  Version: 5.24.1
Toolchain Path:  E:\Snap\Keil\ARM\ARMCC\Bin
C Compiler:      Armcc.exe V5.06 update 5 (build 528)
Assembler:       Armasm.exe V5.06 update 5 (build 528)
Linker/Locator:  ArmLink.exe V5.06 update 5 (build 528)
Library Manager: ArmAr.exe V5.06 update 5 (build 528)
Hex Converter:   FromElf.exe V5.06 update 5 (build 528)
CPU DLL:         SARMCM3.DLL V5.24.1
Dialog DLL:      DARMSTM.DLL V1.68.0.0
Target DLL:      Segger\JL2CM3.dll V2.99.26.0
Dialog DLL:      TCM.DLL V1.32.0.0
 
<h2>Project:</h2>
E:\work_space\work_of_course\D.W._course\prj\STM32F10x_Car_Project-V1.0.0_distanceMeasurement\project\stm32f10x_Car.uvprojx
Project File Date:  06/03/2026

<h2>Output:</h2>
*** Using Compiler 'V5.06 update 5 (build 528)', folder: 'E:\Snap\Keil\ARM\ARMCC\Bin'
*** Note: Rebuilding project, since 'Options->Output->Create Batch File' is selected.
Rebuild target 'CAR'
compiling stm32f10x_Lora.c...
compiling stm32f10x_scom.c...
compiling stm32f10x_scom_it.c...
compiling stm32f10x_pwmOut.c...
compiling stm32f10x_CarDrive.c...
compiling stm32f10x_Motor.c...
compiling stm32f10x_PulseTime_it.c...
compiling stm32f10x_PulseTime.c...
..\User_Driver\src\stm32f10x_PulseTime.c(209): warning:  #188-D: enumerated type mixed with another type
      EXTI_InitStructure.EXTI_Trigger = PulseTime_GetStartTrigger(&PulseTimex->mem);
..\User_Driver\src\stm32f10x_PulseTime.c: 1 warning, 0 errors
compiling SHM_Car.c...
compiling stm32f10x_MapSCOMandSBUS.c...
compiling main.c...
compiling taskCarCtrl.c...
compiling taskComm.c...
compiling taskDataPars.c...
compiling core_cm3.c...
compiling system_stm32f10x.c...
assembling startup_stm32f10x_hd.s...
compiling misc.c...
compiling stm32f10x_flash.c...
compiling stm32f10x_gpio.c...
compiling stm32f10x_rcc.c...
compiling stm32f10x_iwdg.c...
compiling stm32f10x_tim.c...
compiling stm32f10x_dma.c...
compiling stm32f10x_usart.c...
compiling stm32f10x_exti.c...
compiling device_timer.c...
compiling scheduler.c...
compiling time.c...
linking...
Program Size: Code=24076 RO-data=404 RW-data=56 ZI-data=4120  
FromELF: creating hex file...
"..\out\stm32f10x_Car.axf" - 0 Error(s), 1 Warning(s).

<h2>Software Packages used:</h2>

Package Vendor: Keil
                http://www.keil.com/pack/Keil.STM32F1xx_DFP.2.2.0.pack
                Keil.STM32F1xx_DFP.2.2.0
                STMicroelectronics STM32F1 Series Device Support, Drivers and Examples

<h2>Collection of Component include folders:</h2>
  .\RTE\_CAR
  E:\Snap\Keil\ARM\PACK\Keil\STM32F1xx_DFP\2.2.0\Device\Include

<h2>Collection of Component Files used:</h2>
Build Time Elapsed:  00:00:11
</pre>
</body>
</html>
