*** Using Compiler 'V5.06 update 5 (build 528)', folder: 'E:\Snap\Keil\ARM\ARMCC\Bin'
*** Note: Rebuilding project, since 'Options->Output->Create Batch File' is selected.
Rebuild target 'CAR'
compiling stm32f10x_Lora.c...
compiling stm32f10x_scom.c...
compiling stm32f10x_scom_it.c...
compiling stm32f10x_pwmOut.c...
compiling stm32f10x_CarDrive.c...
compiling stm32f10x_Motor.c...
..\User_Driver\src\stm32f10x_Motor.c(212): error: At end of source:  #5: cannot open source input file "..\out\stm32f10x_motor.crf": Invalid argument
..\User_Driver\src\stm32f10x_Motor.c: 0 warnings, 1 error
compiling stm32f10x_PulseTime_it.c...
compiling stm32f10x_PulseTime.c...
..\User_Driver\src\stm32f10x_PulseTime.c(209): warning:  #188-D: enumerated type mixed with another type
      EXTI_InitStructure.EXTI_Trigger = PulseTime_GetStartTrigger(&PulseTimex->mem);
..\User_Driver\src\stm32f10x_PulseTime.c: 1 warning, 0 errors
compiling SHM_Car.c...
compiling stm32f10x_MapSCOMandSBUS.c...
compiling main.c...
compiling taskCarCtrl.c...
compiling taskComm.c...
compiling taskDataPars.c...
compiling core_cm3.c...
compiling system_stm32f10x.c...
assembling startup_stm32f10x_hd.s...
compiling misc.c...
compiling stm32f10x_flash.c...
compiling stm32f10x_gpio.c...
compiling stm32f10x_rcc.c...
compiling stm32f10x_iwdg.c...
compiling stm32f10x_tim.c...
compiling stm32f10x_dma.c...
compiling stm32f10x_usart.c...
compiling stm32f10x_exti.c...
compiling device_timer.c...
compiling scheduler.c...
compiling time.c...
linking...
..\out\stm32f10x_Car.axf: error: L6002U: Could not open file ..\out\stm32f10x_motor.o: No such file or directory
Finished: 0 information, 0 warning, 0 error and 1 fatal error messages.
"..\out\stm32f10x_Car.axf" - 2 Error(s), 1 Warning(s).
Target not created.
Build Time Elapsed:  00:00:10
