Component: ARM Compiler 5.06 update 5 (build 528) Tool: armlink [4d35e2]

==============================================================================

Section Cross References

    stm32f10x_lora.o(.text) refers to stm32f10x_scom.o(.text) for SCOM_ReadData
    stm32f10x_lora.o(.text) refers to stm32f10x_gpio.o(.text) for GPIO_StructInit
    stm32f10x_lora.o(.text) refers to rt_memcpy_v6.o(.text) for __aeabi_memcpy
    stm32f10x_lora.o(.text) refers to stm32f10x_lora.o(.bss) for Lora3_BASE
    stm32f10x_lora.o(.text) refers to stm32f10x_scom.o(.bss) for SCOM3_BASE
    stm32f10x_lora.o(.text) refers to stm32f10x_lora.o(.data) for __Lora_CPU_PRIMASK_REG_SAVE_VALUE
    stm32f10x_scom.o(.text) refers to stm32f10x_usart.o(.text) for USART_SendData
    stm32f10x_scom.o(.text) refers to stm32f10x_gpio.o(.text) for GPIO_StructInit
    stm32f10x_scom.o(.text) refers to stm32f10x_rcc.o(.text) for RCC_AHBPeriphClockCmd
    stm32f10x_scom.o(.text) refers to stm32f10x_dma.o(.text) for DMA_DeInit
    stm32f10x_scom.o(.text) refers to stm32f10x_scom.o(.bss) for SCOM1_BASE
    stm32f10x_scom.o(.text) refers to stm32f10x_scom.o(.data) for cnt
    stm32f10x_scom.o(.text) refers to misc.o(.text) for NVIC_Init
    stm32f10x_scom.o(.text) refers to rt_memcpy_v6.o(.text) for __aeabi_memcpy
    stm32f10x_scom_it.o(.text) refers to stm32f10x_scom.o(.text) for SCOM_IRQHandler
    stm32f10x_scom_it.o(.text) refers to stm32f10x_scom.o(.bss) for SCOM1_BASE
    stm32f10x_pwmout.o(.text) refers to fflt_clz.o(x$fpl$ffltu) for __aeabi_ui2f
    stm32f10x_pwmout.o(.text) refers to fdiv.o(x$fpl$fdiv) for __aeabi_fdiv
    stm32f10x_pwmout.o(.text) refers to f2d.o(x$fpl$f2d) for __aeabi_f2d
    stm32f10x_pwmout.o(.text) refers to ceil.o(i.ceil) for ceil
    stm32f10x_pwmout.o(.text) refers to dfixu.o(x$fpl$dfixu) for __aeabi_d2uiz
    stm32f10x_pwmout.o(.text) refers to fmul.o(x$fpl$fmul) for __aeabi_fmul
    stm32f10x_pwmout.o(.text) refers to daddsub_clz.o(x$fpl$dadd) for __aeabi_dadd
    stm32f10x_pwmout.o(.text) refers to d2f.o(x$fpl$d2f) for __aeabi_d2f
    stm32f10x_pwmout.o(.text) refers to floorf.o(i.floorf) for floorf
    stm32f10x_pwmout.o(.text) refers to ffixu.o(x$fpl$ffixu) for __aeabi_f2uiz
    stm32f10x_pwmout.o(.text) refers to stm32f10x_tim.o(.text) for TIM_TimeBaseStructInit
    stm32f10x_pwmout.o(.text) refers to stm32f10x_gpio.o(.text) for GPIO_StructInit
    stm32f10x_pwmout.o(.text) refers to frleqf.o(x$fpl$frleqf) for __aeabi_cfrcmple
    stm32f10x_pwmout.o(.text) refers to fleqf.o(x$fpl$fleqf) for __aeabi_cfcmple
    stm32f10x_pwmout.o(.text) refers to stm32f10x_pwmout.o(.bss) for PWMout1_BASE
    stm32f10x_pwmout.o(.text) refers to stm32f10x_pwmout.o(.data) for duty
    stm32f10x_cardrive.o(.text) refers to frleqf.o(x$fpl$frleqf) for __aeabi_cfrcmple
    stm32f10x_cardrive.o(.text) refers to fmul.o(x$fpl$fmul) for __aeabi_fmul
    stm32f10x_cardrive.o(.text) refers to f2d.o(x$fpl$f2d) for __aeabi_f2d
    stm32f10x_cardrive.o(.text) refers to drleqf.o(x$fpl$drleqf) for __aeabi_cdrcmple
    stm32f10x_cardrive.o(.text) refers to fleqf.o(x$fpl$fleqf) for __aeabi_cfcmple
    stm32f10x_cardrive.o(.text) refers to dleqf.o(x$fpl$dleqf) for __aeabi_cdcmple
    stm32f10x_cardrive.o(.text) refers to daddsub_clz.o(x$fpl$drsb) for __aeabi_drsub
    stm32f10x_cardrive.o(.text) refers to dmul.o(x$fpl$dmul) for __aeabi_dmul
    stm32f10x_cardrive.o(.text) refers to d2f.o(x$fpl$d2f) for __aeabi_d2f
    stm32f10x_cardrive.o(.text) refers to stm32f10x_motor.o(.text) for Motor_SpeedCtrl
    stm32f10x_cardrive.o(.text) refers to rt_memcpy_w.o(.text) for __aeabi_memcpy4
    stm32f10x_cardrive.o(.text) refers to stm32f10x_motor.o(.bss) for MOTOR1_BASE
    stm32f10x_cardrive.o(.text) refers to stm32f10x_cardrive.o(.bss) for Car
    stm32f10x_motor.o(.text) refers to stm32f10x_pwmout.o(.text) for PWMout_StructInit
    stm32f10x_motor.o(.text) refers to stm32f10x_gpio.o(.text) for GPIO_Init
    stm32f10x_motor.o(.text) refers to fmul.o(x$fpl$fmul) for __aeabi_fmul
    stm32f10x_motor.o(.text) refers to frleqf.o(x$fpl$frleqf) for __aeabi_cfrcmple
    stm32f10x_motor.o(.text) refers to fleqf.o(x$fpl$fleqf) for __aeabi_cfcmple
    stm32f10x_motor.o(.text) refers to f2d.o(x$fpl$f2d) for __aeabi_f2d
    stm32f10x_motor.o(.text) refers to d2f.o(x$fpl$d2f) for __aeabi_d2f
    stm32f10x_motor.o(.text) refers to stm32f10x_motor.o(.bss) for MOTOR1_BASE
    stm32f10x_motor.o(.text) refers to stm32f10x_pwmout.o(.bss) for PWMout1_BASE
    stm32f10x_pulsetime_it.o(.text) refers to stm32f10x_pulsetime.o(.text) for PulseTime3_IRQHandler
    stm32f10x_pulsetime.o(.text) refers to stm32f10x_gpio.o(.text) for GPIO_Init
    stm32f10x_pulsetime.o(.text) refers to stm32f10x_exti.o(.text) for EXTI_Init
    stm32f10x_pulsetime.o(.text) refers to misc.o(.text) for NVIC_Init
    stm32f10x_pulsetime.o(.text) refers to stm32f10x_rcc.o(.text) for RCC_APB1PeriphClockCmd
    stm32f10x_pulsetime.o(.text) refers to stm32f10x_tim.o(.text) for TIM_TimeBaseInit
[...]
    .ARM.Collect$$rtentry$$00000000          0x080001ac   Section        0  __rtentry.o(.ARM.Collect$$rtentry$$00000000)
    .ARM.Collect$$rtentry$$00000002          0x080001ac   Section        0  __rtentry2.o(.ARM.Collect$$rtentry$$00000002)
    .ARM.Collect$$rtentry$$00000004          0x080001ac   Section        6  __rtentry4.o(.ARM.Collect$$rtentry$$00000004)
    .ARM.Collect$$rtentry$$00000009          0x080001b2   Section        0  __rtentry2.o(.ARM.Collect$$rtentry$$00000009)
    .ARM.Collect$$rtentry$$0000000A          0x080001b2   Section        4  __rtentry2.o(.ARM.Collect$$rtentry$$0000000A)
    .ARM.Collect$$rtentry$$0000000C          0x080001b6   Section        0  __rtentry2.o(.ARM.Collect$$rtentry$$0000000C)
    .ARM.Collect$$rtentry$$0000000D          0x080001b6   Section        8  __rtentry2.o(.ARM.Collect$$rtentry$$0000000D)
    .ARM.Collect$$rtexit$$00000000           0x080001be   Section        2  rtexit.o(.ARM.Collect$$rtexit$$00000000)
    .ARM.Collect$$rtexit$$00000002           0x080001c0   Section        0  rtexit2.o(.ARM.Collect$$rtexit$$00000002)
    .ARM.Collect$$rtexit$$00000003           0x080001c0   Section        4  rtexit2.o(.ARM.Collect$$rtexit$$00000003)
    .ARM.Collect$$rtexit$$00000004           0x080001c4   Section        6  rtexit2.o(.ARM.Collect$$rtexit$$00000004)
    .text                                    0x080001cc   Section        0  stm32f10x_lora.o(.text)
    .text                                    0x08000680   Section        0  stm32f10x_scom.o(.text)
    __SCOM_Disable_IRQ                       0x080010c3   Thumb Code    14  stm32f10x_scom.o(.text)
    __SCOM_Restore_IRQ                       0x080010d1   Thumb Code    12  stm32f10x_scom.o(.text)
    .text                                    0x080010e4   Section        0  stm32f10x_scom_it.o(.text)
    .text                                    0x08001218   Section        0  stm32f10x_pwmout.o(.text)
    .text                                    0x080016bc   Section        0  stm32f10x_cardrive.o(.text)
    .text                                    0x080018ec   Section        0  stm32f10x_motor.o(.text)
    .text                                    0x08001b6c   Section        0  stm32f10x_pulsetime_it.o(.text)
    .text                                    0x08001b9c   Section        0  stm32f10x_pulsetime.o(.text)
    PulseTime_GetChannelIndex                0x08001b9d   Thumb Code    32  stm32f10x_pulsetime.o(.text)
    PulseTime_GPIO_Config                    0x08001bbd   Thumb Code    44  stm32f10x_pulsetime.o(.text)
    PulseTime_GetStartTrigger                0x08001be9   Thumb Code    48  stm32f10x_pulsetime.o(.text)
    PulseTime_EXTI_Config                    0x08001c19   Thumb Code    88  stm32f10x_pulsetime.o(.text)
    PulseTime_TIM_Config                     0x08001c71   Thumb Code    94  stm32f10x_pulsetime.o(.text)
    PulseTime_EXTI_SetTrigger                0x08001ccf   Thumb Code    50  stm32f10x_pulsetime.o(.text)
    PulseTime_IRQ_Handler                    0x08001d01   Thumb Code   258  stm32f10x_pulsetime.o(.text)
    .text                                    0x080021c8   Section        0  shm_car.o(.text)
    .text                                    0x080022ac   Section        0  stm32f10x_mapscomandsbus.o(.text)
    .text                                    0x08002570   Section        0  main.o(.text)
    .text                                    0x080026b6   Section        0  taskcarctrl.o(.text)
    .text                                    0x080026e4   Section        0  taskcomm.o(.text)
    .text                                    0x080027e0   Section        0  taskdatapars.o(.text)
    .text                                    0x0800288c   Section       72  startup_stm32f10x_hd.o(.text)
    .text                                    0x080028d4   Section        0  misc.o(.text)
    .text                                    0x080029b0   Section        0  stm32f10x_flash.o(.text)
    .text                                    0x08002f6c   Section        0  stm32f10x_gpio.o(.text)
    .text                                    0x080032c8   Section        0  stm32f10x_rcc.o(.text)
    .text                                    0x0800366c   Section        0  stm32f10x_tim.o(.text)
    TI4_Config                               0x08003b13   Thumb Code   130  stm32f10x_tim.o(.text)
    TI3_Config                               0x08003ba7   Thumb Code   122  stm32f10x_tim.o(.text)
    TI2_Config                               0x08003c3b   Thumb Code   130  stm32f10x_tim.o(.text)
    TI1_Config                               0x08003ccf   Thumb Code   108  stm32f10x_tim.o(.text)
    .text                                    0x08004488   Section        0  stm32f10x_dma.o(.text)
    .text                                    0x080046dc   Section        0  stm32f10x_usart.o(.text)
    .text                                    0x08004ae4   Section        0  stm32f10x_exti.o(.text)
    .text                                    0x08004c00   Section        0  device_timer.o(.text)
    .text                                    0x08004c70   Section        0  scheduler.o(.text)
    .text                                    0x08004dbc   Section        0  time.o(.text)
    .text                                    0x08004ee8   Section      138  rt_memcpy_v6.o(.text)
    .text                                    0x08004f72   Section      100  rt_memcpy_w.o(.text)
    .text                                    0x08004fd6   Section        0  heapauxi.o(.text)
    .text                                    0x08004fdc   Section       74  sys_stackheap_outer.o(.text)
    .text                                    0x08005026   Section        0  exit.o(.text)
    .text                                    0x08005038   Section        8  libspace.o(.text)
    .text                                    0x08005040   Section        0  sys_exit.o(.text)
    .text                                    0x0800504c   Section        2  use_no_semi.o(.text)
    .text                                    0x0800504e   Section        0  indicate_semi.o(.text)
    i.ceil                                   0x08005050   Section        0  ceil.o(i.ceil)
    i.floorf                                 0x0800512c   Section        0  floorf.o(i.floorf)
    x$fpl$d2f                                0x080051a8   Section       98  d2f.o(x$fpl$d2f)
    x$fpl$dadd                               0x0800520c   Section      336  daddsub_clz.o(x$fpl$dadd)
    _dadd1                                   0x0800521d   Thumb Code     0  daddsub_clz.o(x$fpl$dadd)
    x$fpl$dcmpinf                            0x0800535c   Section       24  dcmpi.o(x$fpl$dcmpinf)
    x$fpl$dfixu                              0x08005374   Section       90  dfixu.o(x$fpl$dfixu)
    x$fpl$dleqf                              0x080053d0   Section      120  dleqf.o(x$fpl$dleqf)
    x$fpl$dmul                               0x08005448   Section      340  dmul.o(x$fpl$dmul)
    x$fpl$dnaninf                            0x0800559c   Section      156  dnaninf.o(x$fpl$dnaninf)
    x$fpl$dretinf                            0x08005638   Section       12  dretinf.o(x$fpl$dretinf)
    x$fpl$drleqf                             0x08005644   Section      108  drleqf.o(x$fpl$drleqf)
    x$fpl$drsb                               0x080056b0   Section       22  daddsub_clz.o(x$fpl$drsb)
    x$fpl$dsub                               0x080056c8   Section      468  daddsub_clz.o(x$fpl$dsub)
    _dsub1                                   0x080056d9   Thumb Code     0  daddsub_clz.o(x$fpl$dsub)
    x$fpl$f2d                                0x0800589c   Section       86  f2d.o(x$fpl$f2d)
    x$fpl$fadd                               0x080058f4   Section      196  faddsub_clz.o(x$fpl$fadd)
    _fadd1                                   0x08005903   Thumb Code     0  faddsub_clz.o(x$fpl$fadd)
    x$fpl$fcmpinf                            0x080059b8   Section       24  fcmpi.o(x$fpl$fcmpinf)
    x$fpl$fdiv                               0x080059d0   Section      388  fdiv.o(x$fpl$fdiv)
    _fdiv1                                   0x080059d1   Thumb Code     0  fdiv.o(x$fpl$fdiv)
    x$fpl$ffixu                              0x08005b54   Section       62  ffixu.o(x$fpl$ffixu)
    x$fpl$fflt                               0x08005b94   Section       48  fflt_clz.o(x$fpl$fflt)
    x$fpl$ffltu                              0x08005bc4   Section       38  fflt_clz.o(x$fpl$ffltu)
    x$fpl$fleqf                              0x08005bec   Section      104  fleqf.o(x$fpl$fleqf)
    x$fpl$fmul                               0x08005c54   Section      258  fmul.o(x$fpl$fmul)
    x$fpl$fnaninf                            0x08005d56   Section      140  fnaninf.o(x$fpl$fnaninf)
    x$fpl$fretinf                            0x08005de2   Section       10  fretinf.o(x$fpl$fretinf)
    x$fpl$frleqf                             0x08005dec   Section       98  frleqf.o(x$fpl$frleqf)
    x$fpl$fsub                               0x08005e50   Section      234  faddsub_clz.o(x$fpl$fsub)
    _fsub1                                   0x08005e5f   Thumb Code     0  faddsub_clz.o(x$fpl$fsub)
    x$fpl$usenofp                            0x08005f3a   Section        0  usenofp.o(x$fpl$usenofp)
    .constdata                               0x08005f3c   Section       68  stm32f10x_pulsetime.o(.constdata)
    PulseTime_PSC_Table                      0x08005f3c   Data          12  stm32f10x_pulsetime.o(.constdata)
    PulseTime_TickPeriod_us                  0x08005f48   Data          24  stm32f10x_pulsetime.o(.constdata)
    PulseTime_ChannelTable                   0x08005f60   Data          32  stm32f10x_pulsetime.o(.constdata)
    .data                                    0x20000000   Section        4  stm32f10x_lora.o(.data)
    __Lora_CPU_PRIMASK_REG_SAVE_VALUE        0x20000000   Data           4  stm32f10x_lora.o(.data)
    .data                                    0x20000004   Section       10  stm32f10x_scom.o(.data)
    __SCOM_CPU_PRIMASK_REG_SAVE_VALUE        0x20000004   Data           4  stm32f10x_scom.o(.data)
    cnt                                      0x20000008   Data           3  stm32f10x_scom.o(.data)
    SCOM1_ByteNum                            0x2000000b   Data           1  stm32f10x_scom.o(.data)
    SCOM2_ByteNum                            0x2000000c   Data           1  stm32f10x_scom.o(.data)
    SCOM3_ByteNum                            0x2000000d   Data           1  stm32f10x_scom.o(.data)
    .data                                    0x20000010   Section        4  stm32f10x_pwmout.o(.data)
    .data                                    0x20000014   Section        1  taskcomm.o(.data)
    cnt                                      0x20000014   Data           1  taskcomm.o(.data)
    .data                                    0x20000015   Section       20  stm32f10x_rcc.o(.data)
    APBAHBPrescTable                         0x20000015   Data          16  stm32f10x_rcc.o(.data)
    ADCPrescTable                            0x20000025   Data           4  stm32f10x_rcc.o(.data)
    .data                                    0x20000029   Section        1  scheduler.o(.data)
    .data                                    0x2000002c   Section       12  time.o(.data)
    .bss                                     0x20000038   Section      384  stm32f10x_lora.o(.bss)
    .bss                                     0x200001b8   Section      516  stm32f10x_scom.o(.bss)
    .bss                                     0x200003bc   Section      384  stm32f10x_pwmout.o(.bss)
    .bss                                     0x2000053c   Section       28  stm32f10x_cardrive.o(.bss)
    .bss                                     0x20000558   Section      144  stm32f10x_motor.o(.bss)
    .bss                                     0x200005e8   Section      352  stm32f10x_pulsetime.o(.bss)
    PulseTime_Runtime                        0x200006c8   Data         128  stm32f10x_pulsetime.o(.bss)
    .bss                                     0x20000748   Section       80  shm_car.o(.bss)
    .bss                                     0x20000798   Section       52  scheduler.o(.bss)
    .bss                                     0x200007cc   Section       36  time.o(.bss)
    .bss                                     0x200007f0   Section       96  libspace.o(.bss)
    HEAP                                     0x20000850   Section        0  startup_stm32f10x_hd.o(HEAP)
    STACK                                    0x20000850   Section     2048  startup_stm32f10x_hd.o(STACK)
    Heap_Mem                                 0x20000850   Data           0  startup_stm32f10x_hd.o(HEAP)
    Stack_Mem                                0x20000850   Data        2048  startup_stm32f10x_hd.o(STACK)
    __initial_sp                             0x20001050   Data           0  startup_stm32f10x_hd.o(STACK)

    Global Symbols

    Symbol Name                              Value     Ov Type        Size  Object(Section)

    BuildAttributes$$THM_ISAv4$P$D$K$B$S$PE$A:L22UL41UL21$X:L11$S22US41US21$IEEE1$IW$USESV6$~STKCKD$USESV7$~SHL$OTIME$ROPI$IEEEJ$EBA8$UX$STANDARDLIB$REQ8$PRES8$EABIv2 0x00000000   Number         0  anon$$obj.o ABSOLUTE
    __ARM_use_no_argv                        0x00000000   Number         0  main.o ABSOLUTE
    __ARM_exceptions_init                     - Undefined Weak Reference
    __alloca_initialize                       - Undefined Weak Reference
    __arm_preinit_                            - Undefined Weak Reference
    __cpp_initialize__aeabi_                  - Undefined Weak Reference
    __cxa_finalize                            - Undefined Weak Reference
    __rt_locale                               - Undefined Weak Reference
    __sigvec_lookup                           - Undefined Weak Reference
    _atexit_init                              - Undefined Weak Reference
    _call_atexit_fns                          - Undefined Weak Reference
    _clock_init                               - Undefined Weak Reference
    _fp_trap_init                             - Undefined Weak Reference
    _fp_trap_shutdown                         - Undefined Weak Reference
    _get_lc_collate                           - Undefined Weak Reference
    _get_lc_ctype                             - Undefined Weak Reference
    _get_lc_monetary                          - Undefined Weak Reference
    _get_lc_numeric                           - Undefined Weak Reference
    _get_lc_time                              - Undefined Weak Reference
    _getenv_init                              - Undefined Weak Reference
    _handle_redirection                       - Undefined Weak Reference
    _init_alloc                               - Undefined Weak Reference
    _init_user_alloc                          - Undefined Weak Reference
    _initio                                   - Undefined Weak Reference
    _rand_init                                - Undefined Weak Reference
    _signal_finish                            - Undefined Weak Reference
    _signal_init                              - Undefined Weak Reference
    _terminate_alloc                          - Undefined Weak Reference
    _terminate_user_alloc                     - Undefined Weak Reference
    _terminateio                              - Undefined Weak Reference
    __Vectors_Size                           0x00000130   Number         0  startup_stm32f10x_hd.o ABSOLUTE
    __Vectors                                0x08000000   Data           4  startup_stm32f10x_hd.o(RESET)
    __Vectors_End                            0x08000130   Data           0  startup_stm32f10x_hd.o(RESET)
    __main                                   0x08000131   Thumb Code     8  __main.o(!!!main)
    __scatterload                            0x08000139   Thumb Code     0  __scatter.o(!!!scatter)
    __scatterload_rt2                        0x08000139   Thumb Code    44  __scatter.o(!!!scatter)
    __scatterload_rt2_thumb_only             0x08000139   Thumb Code     0  __scatter.o(!!!scatter)
    __scatterload_null                       0x08000147   Thumb Code     0  __scatter.o(!!!scatter)
    __scatterload_copy                       0x0800016d   Thumb Code    26  __scatter_copy.o(!!handler_copy)
    __scatterload_zeroinit                   0x08000189   Thumb Code    28  __scatter_zi.o(!!handler_zi)
    __rt_lib_init                            0x080001a5   Thumb Code     0  libinit.o(.ARM.Collect$$libinit$$00000000)
    __rt_lib_init_alloca_1                   0x080001a7   Thumb Code     0  libinit2.o(.ARM.Collect$$libinit$$0000002E)
    __rt_lib_init_argv_1                     0x080001a7   Thumb Code     0  libinit2.o(.ARM.Collect$$libinit$$0000002C)
    __rt_lib_init_atexit_1                   0x080001a7   Thumb Code     0  libinit2.o(.ARM.Collect$$libinit$$0000001B)
    __rt_lib_init_clock_1                    0x080001a7   Thumb Code     0  libinit2.o(.ARM.Collect$$libinit$$00000021)
    __rt_lib_init_cpp_1                      0x080001a7   Thumb Code     0  libinit2.o(.ARM.Collect$$libinit$$00000032)
    __rt_lib_init_exceptions_1               0x080001a7   Thumb Code     0  libinit2.o(.ARM.Collect$$libinit$$00000030)
    __rt_lib_init_fp_1                       0x080001a7   Thumb Code     0  libinit2.o(.ARM.Collect$$libinit$$00000002)
    __rt_lib_init_fp_trap_1                  0x080001a7   Thumb Code     0  libinit2.o(.ARM.Collect$$libinit$$0000001F)
    __rt_lib_init_getenv_1                   0x080001a7   Thumb Code     0  libinit2.o(.ARM.Collect$$libinit$$00000023)
    __rt_lib_init_heap_1                     0x080001a7   Thumb Code     0  libinit2.o(.ARM.Collect$$libinit$$0000000A)
    __rt_lib_init_lc_collate_1               0x080001a7   Thumb Code     0  libinit2.o(.ARM.Collect$$libinit$$00000011)
    __rt_lib_init_lc_ctype_1                 0x080001a7   Thumb Code     0  libinit2.o(.ARM.Collect$$libinit$$00000013)
    __rt_lib_init_lc_monetary_1              0x080001a7   Thumb Code     0  libinit2.o(.ARM.Collect$$libinit$$00000015)
    __rt_lib_init_lc_numeric_1               0x080001a7   Thumb Code     0  libinit2.o(.ARM.Collect$$libinit$$00000017)
    __rt_lib_init_lc_time_1                  0x080001a7   Thumb Code     0  libinit2.o(.ARM.Collect$$libinit$$00000019)
    __rt_lib_init_preinit_1                  0x080001a7   Thumb Code     0  libinit2.o(.ARM.Collect$$libinit$$00000004)
    __rt_lib_init_rand_1                     0x080001a7   Thumb Code     0  libinit2.o(.ARM.Collect$$libinit$$0000000E)
    __rt_lib_init_return                     0x080001a7   Thumb Code     0  libinit2.o(.ARM.Collect$$libinit$$00000033)
    __rt_lib_init_signal_1                   0x080001a7   Thumb Code     0  libinit2.o(.ARM.Collect$$libinit$$0000001D)
    __rt_lib_init_stdio_1                    0x080001a7   Thumb Code     0  libinit2.o(.ARM.Collect$$libinit$$00000025)
    __rt_lib_init_user_alloc_1               0x080001a7   Thumb Code     0  libinit2.o(.ARM.Collect$$libinit$$0000000C)
    __rt_lib_shutdown                        0x080001a9   Thumb Code     0  libshutdown.o(.ARM.Collect$$libshutdown$$00000000)
    __rt_lib_shutdown_cpp_1                  0x080001ab   Thumb Code     0  libshutdown2.o(.ARM.Collect$$libshutdown$$00000002)
    __rt_lib_shutdown_fp_trap_1              0x080001ab   Thumb Code     0  libshutdown2.o(.ARM.Collect$$libshutdown$$00000007)
    __rt_lib_shutdown_heap_1                 0x080001ab   Thumb Code     0  libshutdown2.o(.ARM.Collect$$libshutdown$$0000000F)
    __rt_lib_shutdown_return                 0x080001ab   Thumb Code     0  libshutdown2.o(.ARM.Collect$$libshutdown$$00000010)
    __rt_lib_shutdown_signal_1               0x080001ab   Thumb Code     0  libshutdown2.o(.ARM.Collect$$libshutdown$$0000000A)
    __rt_lib_shutdown_stdio_1                0x080001ab   Thumb Code     0  libshutdown2.o(.ARM.Collect$$libshutdown$$00000004)
    __rt_lib_shutdown_user_alloc_1           0x080001ab   Thumb Code     0  libshutdown2.o(.ARM.Collect$$libshutdown$$0000000C)
    __rt_entry                               0x080001ad   Thumb Code     0  __rtentry.o(.ARM.Collect$$rtentry$$00000000)
    __rt_entry_presh_1                       0x080001ad   Thumb Code     0  __rtentry2.o(.ARM.Collect$$rtentry$$00000002)
    __rt_entry_sh                            0x080001ad   Thumb Code     0  __rtentry4.o(.ARM.Collect$$rtentry$$00000004)
    __rt_entry_li                            0x080001b3   Thumb Code     0  __rtentry2.o(.ARM.Collect$$rtentry$$0000000A)
    __rt_entry_postsh_1                      0x080001b3   Thumb Code     0  __rtentry2.o(.ARM.Collect$$rtentry$$00000009)
    __rt_entry_main                          0x080001b7   Thumb Code     0  __rtentry2.o(.ARM.Collect$$rtentry$$0000000D)
    __rt_entry_postli_1                      0x080001b7   Thumb Code     0  __rtentry2.o(.ARM.Collect$$rtentry$$0000000C)
    __rt_exit                                0x080001bf   Thumb Code     0  rtexit.o(.ARM.Collect$$rtexit$$00000000)
    __rt_exit_ls                             0x080001c1   Thumb Code     0  rtexit2.o(.ARM.Collect$$rtexit$$00000003)
    __rt_exit_prels_1                        0x080001c1   Thumb Code     0  rtexit2.o(.ARM.Collect$$rtexit$$00000002)
    __rt_exit_exit                           0x080001c5   Thumb Code     0  rtexit2.o(.ARM.Collect$$rtexit$$00000004)
    Lora_StructInit                          0x080001cd   Thumb Code    58  stm32f10x_lora.o(.text)
    Lora3_txCallbackFun                      0x08000207   Thumb Code    16  stm32f10x_lora.o(.text)
    Lora3_rxCallbackFun                      0x08000217   Thumb Code    30  stm32f10x_lora.o(.text)
    Lora2_txCallbackFun                      0x08000235   Thumb Code    16  stm32f10x_lora.o(.text)
    Lora2_rxCallbackFun                      0x08000245   Thumb Code    30  stm32f10x_lora.o(.text)
    Lora1_txCallbackFun                      0x08000263   Thumb Code    16  stm32f10x_lora.o(.text)
    Lora1_rxCallbackFun                      0x08000273   Thumb Code    30  stm32f10x_lora.o(.text)
    Lora_Init                                0x08000291   Thumb Code   694  stm32f10x_lora.o(.text)
    Lora_Open                                0x08000547   Thumb Code    34  stm32f10x_lora.o(.text)
    Lora_Close                               0x08000569   Thumb Code    24  stm32f10x_lora.o(.text)
    Lora_ReadData                            0x08000581   Thumb Code    98  stm32f10x_lora.o(.text)
    Lora_WriteData                           0x080005e3   Thumb Code   156  stm32f10x_lora.o(.text)
    SCOM_USART_SendData                      0x08000681   Thumb Code   224  stm32f10x_scom.o(.text)
    SCOM_StructInit                          0x08000761   Thumb Code    80  stm32f10x_scom.o(.text)
    SCOM_Init                                0x080007b1   Thumb Code   948  stm32f10x_scom.o(.text)
    SCOM_Open                                0x08000b65   Thumb Code    68  stm32f10x_scom.o(.text)
    SCOM_Off                                 0x08000ba9   Thumb Code    46  stm32f10x_scom.o(.text)
    SCOM_ReadData                            0x08000bd7   Thumb Code   182  stm32f10x_scom.o(.text)
    SCOM_WriteData                           0x08000c8d   Thumb Code   302  stm32f10x_scom.o(.text)
    SCOM_IRQHandler                          0x08000dbb   Thumb Code   624  stm32f10x_scom.o(.text)
    SCOM_TX_DMA_IRQHandler                   0x0800102b   Thumb Code   152  stm32f10x_scom.o(.text)
    USART1_IRQHandler                        0x080010e5   Thumb Code    46  stm32f10x_scom_it.o(.text)
    USART2_IRQHandler                        0x08001113   Thumb Code    46  stm32f10x_scom_it.o(.text)
    USART3_IRQHandler                        0x08001141   Thumb Code    46  stm32f10x_scom_it.o(.text)
    DMA1_Channel2_IRQHandler                 0x0800116f   Thumb Code    52  stm32f10x_scom_it.o(.text)
    DMA1_Channel4_IRQHandler                 0x080011a3   Thumb Code    52  stm32f10x_scom_it.o(.text)
    DMA1_Channel7_IRQHandler                 0x080011d7   Thumb Code    52  stm32f10x_scom_it.o(.text)
    PWMout_StructInit                        0x08001219   Thumb Code    26  stm32f10x_pwmout.o(.text)
    PWMout_Init                              0x08001233   Thumb Code   704  stm32f10x_pwmout.o(.text)
    PWMout_On                                0x080014f3   Thumb Code    36  stm32f10x_pwmout.o(.text)
    PWMout_Off                               0x08001517   Thumb Code    28  stm32f10x_pwmout.o(.text)
    PWMout_DutyCtrl                          0x08001533   Thumb Code   298  stm32f10x_pwmout.o(.text)
    PWMout_DutyMinSetting                    0x0800165d   Thumb Code    46  stm32f10x_pwmout.o(.text)
    PWMout_DutyMaxSetting                    0x0800168b   Thumb Code    46  stm32f10x_pwmout.o(.text)
    Car_StructInit                           0x080016bd   Thumb Code    32  stm32f10x_cardrive.o(.text)
    CarDrive_Control                         0x080016dd   Thumb Code   294  stm32f10x_cardrive.o(.text)
    CarDrive_Init                            0x08001803   Thumb Code    94  stm32f10x_cardrive.o(.text)
    CarDrive_SetSpeedMAX                     0x08001861   Thumb Code    58  stm32f10x_cardrive.o(.text)
    CarDrive_SetSpeedMIN                     0x0800189b   Thumb Code    58  stm32f10x_cardrive.o(.text)
    Motor_StructInit                         0x080018ed   Thumb Code    32  stm32f10x_motor.o(.text)
    Motor_Init                               0x0800190d   Thumb Code   212  stm32f10x_motor.o(.text)
    Motor_Open                               0x080019e1   Thumb Code    24  stm32f10x_motor.o(.text)
    Motor_Close                              0x080019f9   Thumb Code    24  stm32f10x_motor.o(.text)
    Motor_SetMaxSpeed                        0x08001a11   Thumb Code    68  stm32f10x_motor.o(.text)
    Motor_SetMinSpeed                        0x08001a55   Thumb Code    68  stm32f10x_motor.o(.text)
    Motor_SpeedCtrl                          0x08001a99   Thumb Code   180  stm32f10x_motor.o(.text)
    EXTI0_IRQHandler                         0x08001b6d   Thumb Code     8  stm32f10x_pulsetime_it.o(.text)
    EXTI1_IRQHandler                         0x08001b75   Thumb Code    12  stm32f10x_pulsetime_it.o(.text)
    EXTI2_IRQHandler                         0x08001b81   Thumb Code     2  stm32f10x_pulsetime_it.o(.text)
    EXTI3_IRQHandler                         0x08001b83   Thumb Code     8  stm32f10x_pulsetime_it.o(.text)
    EXTI4_IRQHandler                         0x08001b8b   Thumb Code     8  stm32f10x_pulsetime_it.o(.text)
    EXTI9_5_IRQHandler                       0x08001b93   Thumb Code     8  stm32f10x_pulsetime_it.o(.text)
    PulseTime_StructInit                     0x08001e03   Thumb Code    36  stm32f10x_pulsetime.o(.text)
    PulseTime_Init                           0x08001e27   Thumb Code   564  stm32f10x_pulsetime.o(.text)
    PulseTime_Open                           0x0800205b   Thumb Code   134  stm32f10x_pulsetime.o(.text)
    PulseTime_Close                          0x080020e1   Thumb Code    64  stm32f10x_pulsetime.o(.text)
    PulseTime_ReadData                       0x08002121   Thumb Code    74  stm32f10x_pulsetime.o(.text)
    PulseTime1_IRQHandler                    0x0800216b   Thumb Code    10  stm32f10x_pulsetime.o(.text)
    PulseTime2_IRQHandler                    0x08002175   Thumb Code    10  stm32f10x_pulsetime.o(.text)
    PulseTime3_IRQHandler                    0x0800217f   Thumb Code    10  stm32f10x_pulsetime.o(.text)
    PulseTime4_IRQHandler                    0x08002189   Thumb Code    10  stm32f10x_pulsetime.o(.text)
    PulseTime5_IRQHandler                    0x08002193   Thumb Code    10  stm32f10x_pulsetime.o(.text)
    PulseTime6_IRQHandler                    0x0800219d   Thumb Code    10  stm32f10x_pulsetime.o(.text)
    PulseTime7_IRQHandler                    0x080021a7   Thumb Code     2  stm32f10x_pulsetime.o(.text)
    PulseTime8_IRQHandler                    0x080021a9   Thumb Code     2  stm32f10x_pulsetime.o(.text)
    Init_SHMCarParam                         0x080021c9   Thumb Code    56  shm_car.o(.text)
    Write_SHMCarParam                        0x08002201   Thumb Code    84  shm_car.o(.text)
    Read_SHMCarParam                         0x08002255   Thumb Code    84  shm_car.o(.text)
    Map_SCOM2SBUS                            0x080022ad   Thumb Code   352  stm32f10x_mapscomandsbus.o(.text)
    Map_SBUS2SCOM                            0x0800240d   Thumb Code   354  stm32f10x_mapscomandsbus.o(.text)
    task_1ms                                 0x08002571   Thumb Code    16  main.o(.text)
    task_2ms                                 0x08002581   Thumb Code     2  main.o(.text)
    task_3ms                                 0x08002583   Thumb Code     2  main.o(.text)
    task_5ms                                 0x08002585   Thumb Code     2  main.o(.text)
    task_10ms                                0x08002587   Thumb Code     2  main.o(.text)
    task_20ms                                0x08002589   Thumb Code     2  main.o(.text)
    task_50ms                                0x0800258b   Thumb Code     2  main.o(.text)
    task_100ms                               0x0800258d   Thumb Code     2  main.o(.text)
    RCC_Configuration                        0x0800258f   Thumb Code   198  main.o(.text)
    main                                     0x08002655   Thumb Code    96  main.o(.text)
    HardFault_Handler                        0x080026b5   Thumb Code     2  main.o(.text)
    InitCarTask                              0x080026b7   Thumb Code    20  taskcarctrl.o(.text)
    task_CtrlCar                             0x080026cb   Thumb Code    24  taskcarctrl.o(.text)
    tsk_Comm_txCallbackFun                   0x080026e5   Thumb Code     2  taskcomm.o(.text)
    tsk_Comm_rxCallbackFun                   0x080026e7   Thumb Code    36  taskcomm.o(.text)
    InitCommTask                             0x0800270b   Thumb Code   102  taskcomm.o(.text)
    task_Comm                                0x08002771   Thumb Code   104  taskcomm.o(.text)
    task_CommDataPars                        0x080027e1   Thumb Code   170  taskdatapars.o(.text)
    SystemInit_ExtMemCtl                     0x0800288d   Thumb Code     2  startup_stm32f10x_hd.o(.text)
    Reset_Handler                            0x0800288f   Thumb Code    14  startup_stm32f10x_hd.o(.text)
    NMI_Handler                              0x0800289d   Thumb Code     2  startup_stm32f10x_hd.o(.text)
    MemManage_Handler                        0x080028a1   Thumb Code     2  startup_stm32f10x_hd.o(.text)
    BusFault_Handler                         0x080028a3   Thumb Code     2  startup_stm32f10x_hd.o(.text)
    UsageFault_Handler                       0x080028a5   Thumb Code     2  startup_stm32f10x_hd.o(.text)
    SVC_Handler                              0x080028a7   Thumb Code     2  startup_stm32f10x_hd.o(.text)
    DebugMon_Handler                         0x080028a9   Thumb Code     2  startup_stm32f10x_hd.o(.text)
    PendSV_Handler                           0x080028ab   Thumb Code     2  startup_stm32f10x_hd.o(.text)
    ADC1_2_IRQHandler                        0x080028af   Thumb Code     0  startup_stm32f10x_hd.o(.text)
    ADC3_IRQHandler                          0x080028af   Thumb Code     0  startup_stm32f10x_hd.o(.text)
    CAN1_RX1_IRQHandler                      0x080028af   Thumb Code     0  startup_stm32f10x_hd.o(.text)
    CAN1_SCE_IRQHandler                      0x080028af   Thumb Code     0  startup_stm32f10x_hd.o(.text)
    DMA1_Channel1_IRQHandler                 0x080028af   Thumb Code     0  startup_stm32f10x_hd.o(.text)
    DMA1_Channel3_IRQHandler                 0x080028af   Thumb Code     0  startup_stm32f10x_hd.o(.text)
    DMA1_Channel5_IRQHandler                 0x080028af   Thumb Code     0  startup_stm32f10x_hd.o(.text)
    DMA1_Channel6_IRQHandler                 0x080028af   Thumb Code     0  startup_stm32f10x_hd.o(.text)
    DMA2_Channel1_IRQHandler                 0x080028af   Thumb Code     0  startup_stm32f10x_hd.o(.text)
    DMA2_Channel2_IRQHandler                 0x080028af   Thumb Code     0  startup_stm32f10x_hd.o(.text)
    DMA2_Channel3_IRQHandler                 0x080028af   Thumb Code     0  startup_stm32f10x_hd.o(.text)
    DMA2_Channel4_5_IRQHandler               0x080028af   Thumb Code     0  startup_stm32f10x_hd.o(.text)
    EXTI15_10_IRQHandler                     0x080028af   Thumb Code     0  startup_stm32f10x_hd.o(.text)
    FLASH_IRQHandler                         0x080028af   Thumb Code     0  startup_stm32f10x_hd.o(.text)
    FSMC_IRQHandler                          0x080028af   Thumb Code     0  startup_stm32f10x_hd.o(.text)
    I2C1_ER_IRQHandler                       0x080028af   Thumb Code     0  startup_stm32f10x_hd.o(.text)
    I2C1_EV_IRQHandler                       0x080028af   Thumb Code     0  startup_stm32f10x_hd.o(.text)
    I2C2_ER_IRQHandler                       0x080028af   Thumb Code     0  startup_stm32f10x_hd.o(.text)
    I2C2_EV_IRQHandler                       0x080028af   Thumb Code     0  startup_stm32f10x_hd.o(.text)
    PVD_IRQHandler                           0x080028af   Thumb Code     0  startup_stm32f10x_hd.o(.text)
    RCC_IRQHandler                           0x080028af   Thumb Code     0  startup_stm32f10x_hd.o(.text)
    RTCAlarm_IRQHandler                      0x080028af   Thumb Code     0  startup_stm32f10x_hd.o(.text)
    RTC_IRQHandler                           0x080028af   Thumb Code     0  startup_stm32f10x_hd.o(.text)
    SDIO_IRQHandler                          0x080028af   Thumb Code     0  startup_stm32f10x_hd.o(.text)
    SPI1_IRQHandler                          0x080028af   Thumb Code     0  startup_stm32f10x_hd.o(.text)
    SPI2_IRQHandler                          0x080028af   Thumb Code     0  startup_stm32f10x_hd.o(.text)
    SPI3_IRQHandler                          0x080028af   Thumb Code     0  startup_stm32f10x_hd.o(.text)
    TAMPER_IRQHandler                        0x080028af   Thumb Code     0  startup_stm32f10x_hd.o(.text)
    TIM1_BRK_IRQHandler                      0x080028af   Thumb Code     0  startup_stm32f10x_hd.o(.text)
    TIM1_CC_IRQHandler                       0x080028af   Thumb Code     0  startup_stm32f10x_hd.o(.text)
    TIM1_TRG_COM_IRQHandler                  0x080028af   Thumb Code     0  startup_stm32f10x_hd.o(.text)
    TIM1_UP_IRQHandler                       0x080028af   Thumb Code     0  startup_stm32f10x_hd.o(.text)
    TIM2_IRQHandler                          0x080028af   Thumb Code     0  startup_stm32f10x_hd.o(.text)
    TIM3_IRQHandler                          0x080028af   Thumb Code     0  startup_stm32f10x_hd.o(.text)
    TIM4_IRQHandler                          0x080028af   Thumb Code     0  startup_stm32f10x_hd.o(.text)
    TIM5_IRQHandler                          0x080028af   Thumb Code     0  startup_stm32f10x_hd.o(.text)
    TIM6_IRQHandler                          0x080028af   Thumb Code     0  startup_stm32f10x_hd.o(.text)
    TIM7_IRQHandler                          0x080028af   Thumb Code     0  startup_stm32f10x_hd.o(.text)
    TIM8_BRK_IRQHandler                      0x080028af   Thumb Code     0  startup_stm32f10x_hd.o(.text)
    TIM8_CC_IRQHandler                       0x080028af   Thumb Code     0  startup_stm32f10x_hd.o(.text)
    TIM8_TRG_COM_IRQHandler                  0x080028af   Thumb Code     0  startup_stm32f10x_hd.o(.text)
    TIM8_UP_IRQHandler                       0x080028af   Thumb Code     0  startup_stm32f10x_hd.o(.text)
    UART4_IRQHandler                         0x080028af   Thumb Code     0  startup_stm32f10x_hd.o(.text)
    UART5_IRQHandler                         0x080028af   Thumb Code     0  startup_stm32f10x_hd.o(.text)
    USBWakeUp_IRQHandler                     0x080028af   Thumb Code     0  startup_stm32f10x_hd.o(.text)
    USB_HP_CAN1_TX_IRQHandler                0x080028af   Thumb Code     0  startup_stm32f10x_hd.o(.text)
    USB_LP_CAN1_RX0_IRQHandler               0x080028af   Thumb Code     0  startup_stm32f10x_hd.o(.text)
    WWDG_IRQHandler                          0x080028af   Thumb Code     0  startup_stm32f10x_hd.o(.text)
    __user_initial_stackheap                 0x080028b1   Thumb Code     0  startup_stm32f10x_hd.o(.text)
    NVIC_PriorityGroupConfig                 0x080028d5   Thumb Code    10  misc.o(.text)
    NVIC_Init                                0x080028df   Thumb Code   100  misc.o(.text)
    NVIC_SetVectorTable                      0x08002943   Thumb Code    14  misc.o(.text)
    NVIC_SystemLPConfig                      0x08002951   Thumb Code    34  misc.o(.text)
    SysTick_CLKSourceConfig                  0x08002973   Thumb Code    40  misc.o(.text)
    FLASH_SetLatency                         0x080029b1   Thumb Code    18  stm32f10x_flash.o(.text)
    FLASH_HalfCycleAccessCmd                 0x080029c3   Thumb Code    22  stm32f10x_flash.o(.text)
    FLASH_PrefetchBufferCmd                  0x080029d9   Thumb Code    22  stm32f10x_flash.o(.text)
    FLASH_Unlock                             0x080029ef   Thumb Code    12  stm32f10x_flash.o(.text)
    FLASH_UnlockBank1                        0x080029fb   Thumb Code    12  stm32f10x_flash.o(.text)
    FLASH_Lock                               0x08002a07   Thumb Code    14  stm32f10x_flash.o(.text)
    FLASH_LockBank1                          0x08002a15   Thumb Code    14  stm32f10x_flash.o(.text)
    FLASH_GetBank1Status                     0x08002a23   Thumb Code    48  stm32f10x_flash.o(.text)
    FLASH_WaitForLastOperation               0x08002a53   Thumb Code    38  stm32f10x_flash.o(.text)
    FLASH_ErasePage                          0x08002a79   Thumb Code    72  stm32f10x_flash.o(.text)
    FLASH_EraseAllPages                      0x08002ac1   Thumb Code    68  stm32f10x_flash.o(.text)
    FLASH_WaitForLastBank1Operation          0x08002b05   Thumb Code    38  stm32f10x_flash.o(.text)
    FLASH_EraseAllBank1Pages                 0x08002b2b   Thumb Code    68  stm32f10x_flash.o(.text)
    FLASH_GetReadOutProtectionStatus         0x08002b6f   Thumb Code    20  stm32f10x_flash.o(.text)
    FLASH_EraseOptionBytes                   0x08002b83   Thumb Code   150  stm32f10x_flash.o(.text)
    FLASH_ProgramWord                        0x08002c19   Thumb Code   102  stm32f10x_flash.o(.text)
    FLASH_ProgramHalfWord                    0x08002c7f   Thumb Code    60  stm32f10x_flash.o(.text)
    FLASH_ProgramOptionByteData              0x08002cbb   Thumb Code    72  stm32f10x_flash.o(.text)
    FLASH_EnableWriteProtection              0x08002d03   Thumb Code   200  stm32f10x_flash.o(.text)
    FLASH_ReadOutProtection                  0x08002dcb   Thumb Code   156  stm32f10x_flash.o(.text)
    FLASH_UserOptionByteConfig               0x08002e67   Thumb Code    88  stm32f10x_flash.o(.text)
    FLASH_GetUserOptionByte                  0x08002ebf   Thumb Code     8  stm32f10x_flash.o(.text)
    FLASH_GetWriteProtectionOptionByte       0x08002ec7   Thumb Code     6  stm32f10x_flash.o(.text)
    FLASH_GetPrefetchBufferStatus            0x08002ecd   Thumb Code    20  stm32f10x_flash.o(.text)
    FLASH_ITConfig                           0x08002ee1   Thumb Code    26  stm32f10x_flash.o(.text)
    FLASH_GetFlagStatus                      0x08002efb   Thumb Code    42  stm32f10x_flash.o(.text)
    FLASH_ClearFlag                          0x08002f25   Thumb Code     6  stm32f10x_flash.o(.text)
    FLASH_GetStatus                          0x08002f2b   Thumb Code    48  stm32f10x_flash.o(.text)
    GPIO_DeInit                              0x08002f6d   Thumb Code   172  stm32f10x_gpio.o(.text)
    GPIO_AFIODeInit                          0x08003019   Thumb Code    20  stm32f10x_gpio.o(.text)
    GPIO_Init                                0x0800302d   Thumb Code   278  stm32f10x_gpio.o(.text)
    GPIO_StructInit                          0x08003143   Thumb Code    16  stm32f10x_gpio.o(.text)
    GPIO_ReadInputDataBit                    0x08003153   Thumb Code    18  stm32f10x_gpio.o(.text)
    GPIO_ReadInputData                       0x08003165   Thumb Code     8  stm32f10x_gpio.o(.text)
    GPIO_ReadOutputDataBit                   0x0800316d   Thumb Code    18  stm32f10x_gpio.o(.text)
    GPIO_ReadOutputData                      0x0800317f   Thumb Code     8  stm32f10x_gpio.o(.text)
    GPIO_SetBits                             0x08003187   Thumb Code     4  stm32f10x_gpio.o(.text)
    GPIO_ResetBits                           0x0800318b   Thumb Code     4  stm32f10x_gpio.o(.text)
    GPIO_WriteBit                            0x0800318f   Thumb Code    10  stm32f10x_gpio.o(.text)
    GPIO_Write                               0x08003199   Thumb Code     4  stm32f10x_gpio.o(.text)
    GPIO_PinLockConfig                       0x0800319d   Thumb Code    18  stm32f10x_gpio.o(.text)
    GPIO_EventOutputConfig                   0x080031af   Thumb Code    26  stm32f10x_gpio.o(.text)
    GPIO_EventOutputCmd                      0x080031c9   Thumb Code     6  stm32f10x_gpio.o(.text)
    GPIO_PinRemapConfig                      0x080031cf   Thumb Code   138  stm32f10x_gpio.o(.text)
    GPIO_EXTILineConfig                      0x08003259   Thumb Code    66  stm32f10x_gpio.o(.text)
    GPIO_ETH_MediaInterfaceConfig            0x0800329b   Thumb Code     8  stm32f10x_gpio.o(.text)
    RCC_DeInit                               0x080032c9   Thumb Code    64  stm32f10x_rcc.o(.text)
    RCC_HSEConfig                            0x08003309   Thumb Code    70  stm32f10x_rcc.o(.text)
    RCC_GetFlagStatus                        0x0800334f   Thumb Code    56  stm32f10x_rcc.o(.text)
    RCC_WaitForHSEStartUp                    0x08003387   Thumb Code    56  stm32f10x_rcc.o(.text)
    RCC_AdjustHSICalibrationValue            0x080033bf   Thumb Code    20  stm32f10x_rcc.o(.text)
    RCC_HSICmd                               0x080033d3   Thumb Code     6  stm32f10x_rcc.o(.text)
    RCC_PLLConfig                            0x080033d9   Thumb Code    24  stm32f10x_rcc.o(.text)
    RCC_PLLCmd                               0x080033f1   Thumb Code     6  stm32f10x_rcc.o(.text)
    RCC_SYSCLKConfig                         0x080033f7   Thumb Code    18  stm32f10x_rcc.o(.text)
    RCC_GetSYSCLKSource                      0x08003409   Thumb Code    10  stm32f10x_rcc.o(.text)
    RCC_HCLKConfig                           0x08003413   Thumb Code    18  stm32f10x_rcc.o(.text)
    RCC_PCLK1Config                          0x08003425   Thumb Code    18  stm32f10x_rcc.o(.text)
    RCC_PCLK2Config                          0x08003437   Thumb Code    20  stm32f10x_rcc.o(.text)
    RCC_ITConfig                             0x0800344b   Thumb Code    26  stm32f10x_rcc.o(.text)
    RCC_USBCLKConfig                         0x08003465   Thumb Code     8  stm32f10x_rcc.o(.text)
    RCC_ADCCLKConfig                         0x0800346d   Thumb Code    18  stm32f10x_rcc.o(.text)
    RCC_LSEConfig                            0x0800347f   Thumb Code    50  stm32f10x_rcc.o(.text)
    RCC_LSICmd                               0x080034b1   Thumb Code     6  stm32f10x_rcc.o(.text)
    RCC_RTCCLKConfig                         0x080034b7   Thumb Code    12  stm32f10x_rcc.o(.text)
    RCC_RTCCLKCmd                            0x080034c3   Thumb Code     8  stm32f10x_rcc.o(.text)
    RCC_GetClocksFreq                        0x080034cb   Thumb Code   192  stm32f10x_rcc.o(.text)
    RCC_AHBPeriphClockCmd                    0x0800358b   Thumb Code    26  stm32f10x_rcc.o(.text)
    RCC_APB2PeriphClockCmd                   0x080035a5   Thumb Code    26  stm32f10x_rcc.o(.text)
    RCC_APB1PeriphClockCmd                   0x080035bf   Thumb Code    26  stm32f10x_rcc.o(.text)
    RCC_APB2PeriphResetCmd                   0x080035d9   Thumb Code    26  stm32f10x_rcc.o(.text)
    RCC_APB1PeriphResetCmd                   0x080035f3   Thumb Code    26  stm32f10x_rcc.o(.text)
    RCC_BackupResetCmd                       0x0800360d   Thumb Code     8  stm32f10x_rcc.o(.text)
    RCC_ClockSecuritySystemCmd               0x08003615   Thumb Code     6  stm32f10x_rcc.o(.text)
    RCC_MCOConfig                            0x0800361b   Thumb Code     6  stm32f10x_rcc.o(.text)
    RCC_ClearFlag                            0x08003621   Thumb Code    14  stm32f10x_rcc.o(.text)
    RCC_GetITStatus                          0x0800362f   Thumb Code    20  stm32f10x_rcc.o(.text)
    RCC_ClearITPendingBit                    0x08003643   Thumb Code     6  stm32f10x_rcc.o(.text)
    TIM_DeInit                               0x0800366d   Thumb Code   424  stm32f10x_tim.o(.text)
    TIM_TimeBaseInit                         0x08003815   Thumb Code   122  stm32f10x_tim.o(.text)
    TIM_OC1Init                              0x0800388f   Thumb Code   132  stm32f10x_tim.o(.text)
    TIM_OC2Init                              0x08003913   Thumb Code   154  stm32f10x_tim.o(.text)
    TIM_OC3Init                              0x080039ad   Thumb Code   150  stm32f10x_tim.o(.text)
    TIM_OC4Init                              0x08003a43   Thumb Code   182  stm32f10x_tim.o(.text)
    TIM_SetIC4Prescaler                      0x08003af9   Thumb Code    26  stm32f10x_tim.o(.text)
    TIM_SetIC3Prescaler                      0x08003b95   Thumb Code    18  stm32f10x_tim.o(.text)
    TIM_SetIC2Prescaler                      0x08003c21   Thumb Code    26  stm32f10x_tim.o(.text)
    TIM_SetIC1Prescaler                      0x08003cbd   Thumb Code    18  stm32f10x_tim.o(.text)
    TIM_ICInit                               0x08003d3b   Thumb Code   150  stm32f10x_tim.o(.text)
    TIM_PWMIConfig                           0x08003dd1   Thumb Code   124  stm32f10x_tim.o(.text)
    TIM_BDTRConfig                           0x08003e4d   Thumb Code    32  stm32f10x_tim.o(.text)
    TIM_TimeBaseStructInit                   0x08003e6d   Thumb Code    18  stm32f10x_tim.o(.text)
    TIM_OCStructInit                         0x08003e7f   Thumb Code    20  stm32f10x_tim.o(.text)
    TIM_ICStructInit                         0x08003e93   Thumb Code    18  stm32f10x_tim.o(.text)
    TIM_BDTRStructInit                       0x08003ea5   Thumb Code    40  stm32f10x_tim.o(.text)
    TIM_Cmd                                  0x08003ecd   Thumb Code    24  stm32f10x_tim.o(.text)
    TIM_CtrlPWMOutputs                       0x08003ee5   Thumb Code    30  stm32f10x_tim.o(.text)
    TIM_ITConfig                             0x08003f03   Thumb Code    18  stm32f10x_tim.o(.text)
    TIM_GenerateEvent                        0x08003f15   Thumb Code     4  stm32f10x_tim.o(.text)
    TIM_DMAConfig                            0x08003f19   Thumb Code    10  stm32f10x_tim.o(.text)
    TIM_DMACmd                               0x08003f23   Thumb Code    18  stm32f10x_tim.o(.text)
    TIM_InternalClockConfig                  0x08003f35   Thumb Code    12  stm32f10x_tim.o(.text)
    TIM_SelectInputTrigger                   0x08003f41   Thumb Code    18  stm32f10x_tim.o(.text)
    TIM_ITRxExternalClockConfig              0x08003f53   Thumb Code    24  stm32f10x_tim.o(.text)
    TIM_TIxExternalClockConfig               0x08003f6b   Thumb Code    62  stm32f10x_tim.o(.text)
    TIM_ETRConfig                            0x08003fa9   Thumb Code    28  stm32f10x_tim.o(.text)
    TIM_ETRClockMode1Config                  0x08003fc5   Thumb Code    54  stm32f10x_tim.o(.text)
    TIM_ETRClockMode2Config                  0x08003ffb   Thumb Code    32  stm32f10x_tim.o(.text)
    TIM_PrescalerConfig                      0x0800401b   Thumb Code     6  stm32f10x_tim.o(.text)
    TIM_CounterModeConfig                    0x08004021   Thumb Code    18  stm32f10x_tim.o(.text)
    TIM_EncoderInterfaceConfig               0x08004033   Thumb Code    66  stm32f10x_tim.o(.text)
    TIM_ForcedOC1Config                      0x08004075   Thumb Code    18  stm32f10x_tim.o(.text)
    TIM_ForcedOC2Config                      0x08004087   Thumb Code    26  stm32f10x_tim.o(.text)
    TIM_ForcedOC3Config                      0x080040a1   Thumb Code    18  stm32f10x_tim.o(.text)
    TIM_ForcedOC4Config                      0x080040b3   Thumb Code    26  stm32f10x_tim.o(.text)
    TIM_ARRPreloadConfig                     0x080040cd   Thumb Code    24  stm32f10x_tim.o(.text)
    TIM_SelectCOM                            0x080040e5   Thumb Code    24  stm32f10x_tim.o(.text)
    TIM_SelectCCDMA                          0x080040fd   Thumb Code    24  stm32f10x_tim.o(.text)
    TIM_CCPreloadControl                     0x08004115   Thumb Code    24  stm32f10x_tim.o(.text)
    TIM_OC1PreloadConfig                     0x0800412d   Thumb Code    18  stm32f10x_tim.o(.text)
    TIM_OC2PreloadConfig                     0x0800413f   Thumb Code    26  stm32f10x_tim.o(.text)
    TIM_OC3PreloadConfig                     0x08004159   Thumb Code    18  stm32f10x_tim.o(.text)
    TIM_OC4PreloadConfig                     0x0800416b   Thumb Code    26  stm32f10x_tim.o(.text)
    TIM_OC1FastConfig                        0x08004185   Thumb Code    18  stm32f10x_tim.o(.text)
    TIM_OC2FastConfig                        0x08004197   Thumb Code    26  stm32f10x_tim.o(.text)
    TIM_OC3FastConfig                        0x080041b1   Thumb Code    18  stm32f10x_tim.o(.text)
    TIM_OC4FastConfig                        0x080041c3   Thumb Code    26  stm32f10x_tim.o(.text)
    TIM_ClearOC1Ref                          0x080041dd   Thumb Code    18  stm32f10x_tim.o(.text)
    TIM_ClearOC2Ref                          0x080041ef   Thumb Code    24  stm32f10x_tim.o(.text)
    TIM_ClearOC3Ref                          0x08004207   Thumb Code    18  stm32f10x_tim.o(.text)
    TIM_ClearOC4Ref                          0x08004219   Thumb Code    24  stm32f10x_tim.o(.text)
    TIM_OC1PolarityConfig                    0x08004231   Thumb Code    18  stm32f10x_tim.o(.text)
    TIM_OC1NPolarityConfig                   0x08004243   Thumb Code    18  stm32f10x_tim.o(.text)
    TIM_OC2PolarityConfig                    0x08004255   Thumb Code    26  stm32f10x_tim.o(.text)
    TIM_OC2NPolarityConfig                   0x0800426f   Thumb Code    26  stm32f10x_tim.o(.text)
    TIM_OC3PolarityConfig                    0x08004289   Thumb Code    26  stm32f10x_tim.o(.text)
    TIM_OC3NPolarityConfig                   0x080042a3   Thumb Code    26  stm32f10x_tim.o(.text)
    TIM_OC4PolarityConfig                    0x080042bd   Thumb Code    26  stm32f10x_tim.o(.text)
    TIM_CCxCmd                               0x080042d7   Thumb Code    30  stm32f10x_tim.o(.text)
    TIM_CCxNCmd                              0x080042f5   Thumb Code    30  stm32f10x_tim.o(.text)
    TIM_SelectOCxM                           0x08004313   Thumb Code    82  stm32f10x_tim.o(.text)
    TIM_UpdateDisableConfig                  0x08004365   Thumb Code    24  stm32f10x_tim.o(.text)
    TIM_UpdateRequestConfig                  0x0800437d   Thumb Code    24  stm32f10x_tim.o(.text)
    TIM_SelectHallSensor                     0x08004395   Thumb Code    24  stm32f10x_tim.o(.text)
    TIM_SelectOnePulseMode                   0x080043ad   Thumb Code    18  stm32f10x_tim.o(.text)
    TIM_SelectOutputTrigger                  0x080043bf   Thumb Code    18  stm32f10x_tim.o(.text)
    TIM_SelectSlaveMode                      0x080043d1   Thumb Code    18  stm32f10x_tim.o(.text)
    TIM_SelectMasterSlaveMode                0x080043e3   Thumb Code    18  stm32f10x_tim.o(.text)
    TIM_SetCounter                           0x080043f5   Thumb Code     4  stm32f10x_tim.o(.text)
    TIM_SetAutoreload                        0x080043f9   Thumb Code     4  stm32f10x_tim.o(.text)
    TIM_SetCompare1                          0x080043fd   Thumb Code     4  stm32f10x_tim.o(.text)
    TIM_SetCompare2                          0x08004401   Thumb Code     4  stm32f10x_tim.o(.text)
    TIM_SetCompare3                          0x08004405   Thumb Code     4  stm32f10x_tim.o(.text)
    TIM_SetCompare4                          0x08004409   Thumb Code     6  stm32f10x_tim.o(.text)
    TIM_SetClockDivision                     0x0800440f   Thumb Code    18  stm32f10x_tim.o(.text)
    TIM_GetCapture1                          0x08004421   Thumb Code     6  stm32f10x_tim.o(.text)
    TIM_GetCapture2                          0x08004427   Thumb Code     6  stm32f10x_tim.o(.text)
    TIM_GetCapture3                          0x0800442d   Thumb Code     6  stm32f10x_tim.o(.text)
    TIM_GetCapture4                          0x08004433   Thumb Code     8  stm32f10x_tim.o(.text)
    TIM_GetCounter                           0x0800443b   Thumb Code     6  stm32f10x_tim.o(.text)
    TIM_GetPrescaler                         0x08004441   Thumb Code     6  stm32f10x_tim.o(.text)
    TIM_GetFlagStatus                        0x08004447   Thumb Code    18  stm32f10x_tim.o(.text)
    TIM_ClearFlag                            0x08004459   Thumb Code     6  stm32f10x_tim.o(.text)
    TIM_GetITStatus                          0x0800445f   Thumb Code    34  stm32f10x_tim.o(.text)
    TIM_ClearITPendingBit                    0x08004481   Thumb Code     6  stm32f10x_tim.o(.text)
    DMA_DeInit                               0x08004489   Thumb Code   324  stm32f10x_dma.o(.text)
    DMA_Init                                 0x080045cd   Thumb Code    60  stm32f10x_dma.o(.text)
    DMA_StructInit                           0x08004609   Thumb Code    26  stm32f10x_dma.o(.text)
    DMA_Cmd                                  0x08004623   Thumb Code    24  stm32f10x_dma.o(.text)
    DMA_ITConfig                             0x0800463b   Thumb Code    18  stm32f10x_dma.o(.text)
    DMA_SetCurrDataCounter                   0x0800464d   Thumb Code     4  stm32f10x_dma.o(.text)
    DMA_GetCurrDataCounter                   0x08004651   Thumb Code     8  stm32f10x_dma.o(.text)
    DMA_GetFlagStatus                        0x08004659   Thumb Code    40  stm32f10x_dma.o(.text)
    DMA_ClearFlag                            0x08004681   Thumb Code    22  stm32f10x_dma.o(.text)
    DMA_GetITStatus                          0x08004697   Thumb Code    40  stm32f10x_dma.o(.text)
    DMA_ClearITPendingBit                    0x080046bf   Thumb Code    22  stm32f10x_dma.o(.text)
    USART_DeInit                             0x080046dd   Thumb Code   134  stm32f10x_usart.o(.text)
    USART_Init                               0x08004763   Thumb Code   210  stm32f10x_usart.o(.text)
    USART_StructInit                         0x08004835   Thumb Code    24  stm32f10x_usart.o(.text)
    USART_ClockInit                          0x0800484d   Thumb Code    34  stm32f10x_usart.o(.text)
    USART_ClockStructInit                    0x0800486f   Thumb Code    12  stm32f10x_usart.o(.text)
    USART_Cmd                                0x0800487b   Thumb Code    24  stm32f10x_usart.o(.text)
    USART_ITConfig                           0x08004893   Thumb Code    74  stm32f10x_usart.o(.text)
    USART_DMACmd                             0x080048dd   Thumb Code    18  stm32f10x_usart.o(.text)
    USART_SetAddress                         0x080048ef   Thumb Code    18  stm32f10x_usart.o(.text)
    USART_WakeUpConfig                       0x08004901   Thumb Code    18  stm32f10x_usart.o(.text)
    USART_ReceiverWakeUpCmd                  0x08004913   Thumb Code    24  stm32f10x_usart.o(.text)
    USART_LINBreakDetectLengthConfig         0x0800492b   Thumb Code    18  stm32f10x_usart.o(.text)
    USART_LINCmd                             0x0800493d   Thumb Code    24  stm32f10x_usart.o(.text)
    USART_SendData                           0x08004955   Thumb Code     8  stm32f10x_usart.o(.text)
    USART_ReceiveData                        0x0800495d   Thumb Code    10  stm32f10x_usart.o(.text)
    USART_SendBreak                          0x08004967   Thumb Code    10  stm32f10x_usart.o(.text)
    USART_SetGuardTime                       0x08004971   Thumb Code    16  stm32f10x_usart.o(.text)
    USART_SetPrescaler                       0x08004981   Thumb Code    16  stm32f10x_usart.o(.text)
    USART_SmartCardCmd                       0x08004991   Thumb Code    24  stm32f10x_usart.o(.text)
    USART_SmartCardNACKCmd                   0x080049a9   Thumb Code    24  stm32f10x_usart.o(.text)
    USART_HalfDuplexCmd                      0x080049c1   Thumb Code    24  stm32f10x_usart.o(.text)
    USART_OverSampling8Cmd                   0x080049d9   Thumb Code    22  stm32f10x_usart.o(.text)
    USART_OneBitMethodCmd                    0x080049ef   Thumb Code    24  stm32f10x_usart.o(.text)
    USART_IrDAConfig                         0x08004a07   Thumb Code    18  stm32f10x_usart.o(.text)
    USART_IrDACmd                            0x08004a19   Thumb Code    24  stm32f10x_usart.o(.text)
    USART_GetFlagStatus                      0x08004a31   Thumb Code    26  stm32f10x_usart.o(.text)
    USART_ClearFlag                          0x08004a4b   Thumb Code    18  stm32f10x_usart.o(.text)
    USART_GetITStatus                        0x08004a5d   Thumb Code    84  stm32f10x_usart.o(.text)
    USART_ClearITPendingBit                  0x08004ab1   Thumb Code    52  stm32f10x_usart.o(.text)
    EXTI_DeInit                              0x08004ae5   Thumb Code    28  stm32f10x_exti.o(.text)
    EXTI_Init                                0x08004b01   Thumb Code   142  stm32f10x_exti.o(.text)
    EXTI_StructInit                          0x08004b8f   Thumb Code    16  stm32f10x_exti.o(.text)
    EXTI_GenerateSWInterrupt                 0x08004b9f   Thumb Code    16  stm32f10x_exti.o(.text)
    EXTI_GetFlagStatus                       0x08004baf   Thumb Code    22  stm32f10x_exti.o(.text)
    EXTI_ClearFlag                           0x08004bc5   Thumb Code     8  stm32f10x_exti.o(.text)
    EXTI_GetITStatus                         0x08004bcd   Thumb Code    34  stm32f10x_exti.o(.text)
    EXTI_ClearITPendingBit                   0x08004bef   Thumb Code     8  stm32f10x_exti.o(.text)
    SysTick_Configuration                    0x08004c01   Thumb Code   104  device_timer.o(.text)
    Scheduler_Main_Loop                      0x08004c71   Thumb Code   164  scheduler.o(.text)
    Scheduler_Loop_timer                     0x08004d15   Thumb Code    84  scheduler.o(.text)
    Scheduler_Init                           0x08004d69   Thumb Code    58  scheduler.o(.text)
    Scheduler_Start                          0x08004da3   Thumb Code    14  scheduler.o(.text)
    Set_SysTick_HookFun                      0x08004dbd   Thumb Code    12  time.o(.text)
    Start_SysTick_HookFun                    0x08004dc9   Thumb Code     8  time.o(.text)
    GetSysTime_us                            0x08004dd1   Thumb Code    48  time.o(.text)
    Delay_us                                 0x08004e01   Thumb Code    24  time.o(.text)
    Delay_ms                                 0x08004e19   Thumb Code    24  time.o(.text)
    Call_timer_cycle                         0x08004e31   Thumb Code   104  time.o(.text)
    Cycle_Time_Init                          0x08004e99   Thumb Code    22  time.o(.text)
    SysTick_Handler                          0x08004eaf   Thumb Code    36  time.o(.text)
    __aeabi_memcpy                           0x08004ee9   Thumb Code     0  rt_memcpy_v6.o(.text)
    __rt_memcpy                              0x08004ee9   Thumb Code   138  rt_memcpy_v6.o(.text)
    _memcpy_lastbytes                        0x08004f4f   Thumb Code     0  rt_memcpy_v6.o(.text)
    __aeabi_memcpy4                          0x08004f73   Thumb Code     0  rt_memcpy_w.o(.text)
    __aeabi_memcpy8                          0x08004f73   Thumb Code     0  rt_memcpy_w.o(.text)
    __rt_memcpy_w                            0x08004f73   Thumb Code   100  rt_memcpy_w.o(.text)
    _memcpy_lastbytes_aligned                0x08004fbb   Thumb Code     0  rt_memcpy_w.o(.text)
    __use_two_region_memory                  0x08004fd7   Thumb Code     2  heapauxi.o(.text)
    __rt_heap_escrow$2region                 0x08004fd9   Thumb Code     2  heapauxi.o(.text)
    __rt_heap_expand$2region                 0x08004fdb   Thumb Code     2  heapauxi.o(.text)
    __user_setup_stackheap                   0x08004fdd   Thumb Code    74  sys_stackheap_outer.o(.text)
    exit                                     0x08005027   Thumb Code    18  exit.o(.text)
    __user_libspace                          0x08005039   Thumb Code     8  libspace.o(.text)
    __user_perproc_libspace                  0x08005039   Thumb Code     0  libspace.o(.text)
    __user_perthread_libspace                0x08005039   Thumb Code     0  libspace.o(.text)
    _sys_exit                                0x08005041   Thumb Code     8  sys_exit.o(.text)
    __I$use$semihosting                      0x0800504d   Thumb Code     0  use_no_semi.o(.text)
    __use_no_semihosting_swi                 0x0800504d   Thumb Code     2  use_no_semi.o(.text)
    __semihosting_library_function           0x0800504f   Thumb Code     0  indicate_semi.o(.text)
    ceil                                     0x08005051   Thumb Code   204  ceil.o(i.ceil)
    floorf                                   0x0800512d   Thumb Code   112  floorf.o(i.floorf)
    __aeabi_d2f                              0x080051a9   Thumb Code     0  d2f.o(x$fpl$d2f)
    _d2f                                     0x080051a9   Thumb Code    98  d2f.o(x$fpl$d2f)
    __aeabi_dadd                             0x0800520d   Thumb Code     0  daddsub_clz.o(x$fpl$dadd)
    _dadd                                    0x0800520d   Thumb Code   332  daddsub_clz.o(x$fpl$dadd)
    __fpl_dcmp_Inf                           0x0800535d   Thumb Code    24  dcmpi.o(x$fpl$dcmpinf)
    __aeabi_d2uiz                            0x08005375   Thumb Code     0  dfixu.o(x$fpl$dfixu)
    _dfixu                                   0x08005375   Thumb Code    90  dfixu.o(x$fpl$dfixu)
    __aeabi_cdcmple                          0x080053d1   Thumb Code     0  dleqf.o(x$fpl$dleqf)
    _dcmple                                  0x080053d1   Thumb Code   120  dleqf.o(x$fpl$dleqf)
    __fpl_dcmple_InfNaN                      0x08005433   Thumb Code     0  dleqf.o(x$fpl$dleqf)
    __aeabi_dmul                             0x08005449   Thumb Code     0  dmul.o(x$fpl$dmul)
    _dmul                                    0x08005449   Thumb Code   332  dmul.o(x$fpl$dmul)
    __fpl_dnaninf                            0x0800559d   Thumb Code   156  dnaninf.o(x$fpl$dnaninf)
    __fpl_dretinf                            0x08005639   Thumb Code    12  dretinf.o(x$fpl$dretinf)
    __aeabi_cdrcmple                         0x08005645   Thumb Code     0  drleqf.o(x$fpl$drleqf)
    _drcmple                                 0x08005645   Thumb Code   108  drleqf.o(x$fpl$drleqf)
    __aeabi_drsub                            0x080056b1   Thumb Code     0  daddsub_clz.o(x$fpl$drsb)
    _drsb                                    0x080056b1   Thumb Code    22  daddsub_clz.o(x$fpl$drsb)
    __aeabi_dsub                             0x080056c9   Thumb Code     0  daddsub_clz.o(x$fpl$dsub)
    _dsub                                    0x080056c9   Thumb Code   464  daddsub_clz.o(x$fpl$dsub)
    __aeabi_f2d                              0x0800589d   Thumb Code     0  f2d.o(x$fpl$f2d)
    _f2d                                     0x0800589d   Thumb Code    86  f2d.o(x$fpl$f2d)
    __aeabi_fadd                             0x080058f5   Thumb Code     0  faddsub_clz.o(x$fpl$fadd)
    _fadd                                    0x080058f5   Thumb Code   196  faddsub_clz.o(x$fpl$fadd)
    __fpl_fcmp_Inf                           0x080059b9   Thumb Code    24  fcmpi.o(x$fpl$fcmpinf)
    __aeabi_fdiv                             0x080059d1   Thumb Code     0  fdiv.o(x$fpl$fdiv)
    _fdiv                                    0x080059d1   Thumb Code   384  fdiv.o(x$fpl$fdiv)
    __aeabi_f2uiz                            0x08005b55   Thumb Code     0  ffixu.o(x$fpl$ffixu)
    _ffixu                                   0x08005b55   Thumb Code    62  ffixu.o(x$fpl$ffixu)
    __aeabi_i2f                              0x08005b95   Thumb Code     0  fflt_clz.o(x$fpl$fflt)
    _fflt                                    0x08005b95   Thumb Code    48  fflt_clz.o(x$fpl$fflt)
    __aeabi_ui2f                             0x08005bc5   Thumb Code     0  fflt_clz.o(x$fpl$ffltu)
    _ffltu                                   0x08005bc5   Thumb Code    38  fflt_clz.o(x$fpl$ffltu)
    __aeabi_cfcmple                          0x08005bed   Thumb Code     0  fleqf.o(x$fpl$fleqf)
    _fcmple                                  0x08005bed   Thumb Code   104  fleqf.o(x$fpl$fleqf)
    __fpl_fcmple_InfNaN                      0x08005c3f   Thumb Code     0  fleqf.o(x$fpl$fleqf)
    __aeabi_fmul                             0x08005c55   Thumb Code     0  fmul.o(x$fpl$fmul)
    _fmul                                    0x08005c55   Thumb Code   258  fmul.o(x$fpl$fmul)
    __fpl_fnaninf                            0x08005d57   Thumb Code   140  fnaninf.o(x$fpl$fnaninf)
    __fpl_fretinf                            0x08005de3   Thumb Code    10  fretinf.o(x$fpl$fretinf)
    __aeabi_cfrcmple                         0x08005ded   Thumb Code     0  frleqf.o(x$fpl$frleqf)
    _frcmple                                 0x08005ded   Thumb Code    98  frleqf.o(x$fpl$frleqf)
    __aeabi_fsub                             0x08005e51   Thumb Code     0  faddsub_clz.o(x$fpl$fsub)
    _fsub                                    0x08005e51   Thumb Code   234  faddsub_clz.o(x$fpl$fsub)
    __I$use$fp                               0x08005f3a   Number         0  usenofp.o(x$fpl$usenofp)
    Region$$Table$$Base                      0x08005f80   Number         0  anon$$obj.o(Region$$Table)
    Region$$Table$$Limit                     0x08005fa0   Number         0  anon$$obj.o(Region$$Table)
    duty                                     0x20000010   Data           4  stm32f10x_pwmout.o(.data)
    SCHEDULER_START_FLAG                     0x20000029   Data           1  scheduler.o(.data)
    START_HOOKFUN_FLAG                       0x2000002c   Data           1  time.o(.data)
    sysTickUptime                            0x20000030   Data           4  time.o(.data)
    SysTickHookFun                           0x20000034   Data           4  time.o(.data)
    Lora1_BASE                               0x20000038   Data         128  stm32f10x_lora.o(.bss)
    Lora2_BASE                               0x200000b8   Data         128  stm32f10x_lora.o(.bss)
    Lora3_BASE                               0x20000138   Data         128  stm32f10x_lora.o(.bss)
    SCOM1_BASE                               0x200001b8   Data          72  stm32f10x_scom.o(.bss)
    SCOM2_BASE                               0x20000200   Data          72  stm32f10x_scom.o(.bss)
    SCOM3_BASE                               0x20000248   Data          72  stm32f10x_scom.o(.bss)
    SCOM1_rxDataBuffer                       0x20000290   Data          33  stm32f10x_scom.o(.bss)
    SCOM1_txDataBuffer                       0x200002b1   Data          33  stm32f10x_scom.o(.bss)
    SCOM2_rxDataBuffer                       0x200002d2   Data          33  stm32f10x_scom.o(.bss)
    SCOM2_txDataBuffer                       0x200002f3   Data          33  stm32f10x_scom.o(.bss)
    SCOM3_rxDataBuffer                       0x20000314   Data          33  stm32f10x_scom.o(.bss)
    SCOM3_txDataBuffer                       0x20000335   Data          33  stm32f10x_scom.o(.bss)
    SCOM1_rxData                             0x20000356   Data          34  stm32f10x_scom.o(.bss)
    SCOM2_rxData                             0x20000378   Data          34  stm32f10x_scom.o(.bss)
    SCOM3_rxData                             0x2000039a   Data          34  stm32f10x_scom.o(.bss)
    PWMout1_BASE                             0x200003bc   Data          32  stm32f10x_pwmout.o(.bss)
    PWMout2_BASE                             0x200003dc   Data          32  stm32f10x_pwmout.o(.bss)
    PWMout3_BASE                             0x200003fc   Data          32  stm32f10x_pwmout.o(.bss)
    PWMout4_BASE                             0x2000041c   Data          32  stm32f10x_pwmout.o(.bss)
    PWMout5_BASE                             0x2000043c   Data          32  stm32f10x_pwmout.o(.bss)
    PWMout6_BASE                             0x2000045c   Data          32  stm32f10x_pwmout.o(.bss)
    PWMout7_BASE                             0x2000047c   Data          32  stm32f10x_pwmout.o(.bss)
    PWMout8_BASE                             0x2000049c   Data          32  stm32f10x_pwmout.o(.bss)
    PWMout9_BASE                             0x200004bc   Data          32  stm32f10x_pwmout.o(.bss)
    PWMout10_BASE                            0x200004dc   Data          32  stm32f10x_pwmout.o(.bss)
    PWMout11_BASE                            0x200004fc   Data          32  stm32f10x_pwmout.o(.bss)
    PWMout12_BASE                            0x2000051c   Data          32  stm32f10x_pwmout.o(.bss)
    Car                                      0x2000053c   Data          28  stm32f10x_cardrive.o(.bss)
    MOTOR1_BASE                              0x20000558   Data          36  stm32f10x_motor.o(.bss)
    MOTOR2_BASE                              0x2000057c   Data          36  stm32f10x_motor.o(.bss)
    MOTOR3_BASE                              0x200005a0   Data          36  stm32f10x_motor.o(.bss)
    MOTOR4_BASE                              0x200005c4   Data          36  stm32f10x_motor.o(.bss)
    Pulse1_Base                              0x200005e8   Data          28  stm32f10x_pulsetime.o(.bss)
    Pulse2_Base                              0x20000604   Data          28  stm32f10x_pulsetime.o(.bss)
    Pulse3_Base                              0x20000620   Data          28  stm32f10x_pulsetime.o(.bss)
    Pulse4_Base                              0x2000063c   Data          28  stm32f10x_pulsetime.o(.bss)
    Pulse5_Base                              0x20000658   Data          28  stm32f10x_pulsetime.o(.bss)
    Pulse6_Base                              0x20000674   Data          28  stm32f10x_pulsetime.o(.bss)
    Pulse7_Base                              0x20000690   Data          28  stm32f10x_pulsetime.o(.bss)
    Pulse8_Base                              0x200006ac   Data          28  stm32f10x_pulsetime.o(.bss)
    CAR_REG                                  0x20000748   Data          80  shm_car.o(.bss)
    loop                                     0x20000798   Data          16  scheduler.o(.bss)
    task                                     0x200007a8   Data          36  scheduler.o(.bss)
    Cycle_T                                  0x200007cc   Data          36  time.o(.bss)
    __libspace_start                         0x200007f0   Data          96  libspace.o(.bss)
    __temporary_stack_top$libspace           0x20000850   Data           0  libspace.o(.bss)



==============================================================================

Memory Map of the image

  Image Entry point : 0x08000131

  Load Region LR_IROM1 (Base: 0x08000000, Size: 0x00005fd8, Max: 0x00080000, ABSOLUTE)

    Execution Region ER_IROM1 (Exec base: 0x08000000, Load base: 0x08000000, Size: 0x00005fa0, Max: 0x00080000, ABSOLUTE)

    Exec Addr    Load Addr    Size         Type   Attr      Idx    E Section Name        Object

    0x08000000   0x08000000   0x00000130   Data   RO          385    RESET               startup_stm32f10x_hd.o
    0x08000130   0x08000130   0x00000008   Code   RO          555  * !!!main             c_w.l(__main.o)
    0x08000138   0x08000138   0x00000034   Code   RO          779    !!!scatter          c_w.l(__scatter.o)
    0x0800016c   0x0800016c   0x0000001a   Code   RO          781    !!handler_copy      c_w.l(__scatter_copy.o)
    0x08000186   0x08000186   0x00000002   PAD
    0x08000188   0x08000188   0x0000001c   Code   RO          783    !!handler_zi        c_w.l(__scatter_zi.o)
    0x080001a4   0x080001a4   0x00000002   Code   RO          649    .ARM.Collect$$libinit$$00000000  c_w.l(libinit.o)
    0x080001a6   0x080001a6   0x00000000   Code   RO          656    .ARM.Collect$$libinit$$00000002  c_w.l(libinit2.o)
    0x080001a6   0x080001a6   0x00000000   Code   RO          658    .ARM.Collect$$libinit$$00000004  c_w.l(libinit2.o)
    0x080001a6   0x080001a6   0x00000000   Code   RO          661    .ARM.Collect$$libinit$$0000000A  c_w.l(libinit2.o)
    0x080001a6   0x080001a6   0x00000000   Code   RO          663    .ARM.Collect$$libinit$$0000000C  c_w.l(libinit2.o)
    0x080001a6   0x080001a6   0x00000000   Code   RO          665    .ARM.Collect$$libinit$$0000000E  c_w.l(libinit2.o)
    0x080001a6   0x080001a6   0x00000000   Code   RO          668    .ARM.Collect$$libinit$$00000011  c_w.l(libinit2.o)
    0x080001a6   0x080001a6   0x00000000   Code   RO          670    .ARM.Collect$$libinit$$00000013  c_w.l(libinit2.o)
    0x080001a6   0x080001a6   0x00000000   Code   RO          672    .ARM.Collect$$libinit$$00000015  c_w.l(libinit2.o)
    0x080001a6   0x080001a6   0x00000000   Code   RO          674    .ARM.Collect$$libinit$$00000017  c_w.l(libinit2.o)
    0x080001a6   0x080001a6   0x00000000   Code   RO          676    .ARM.Collect$$libinit$$00000019  c_w.l(libinit2.o)
    0x080001a6   0x080001a6   0x00000000   Code   RO          678    .ARM.Collect$$libinit$$0000001B  c_w.l(libinit2.o)
    0x080001a6   0x080001a6   0x00000000   Code   RO          680    .ARM.Collect$$libinit$$0000001D  c_w.l(libinit2.o)
    0x080001a6   0x080001a6   0x00000000   Code   RO          682    .ARM.Collect$$libinit$$0000001F  c_w.l(libinit2.o)
    0x080001a6   0x080001a6   0x00000000   Code   RO          684    .ARM.Collect$$libinit$$00000021  c_w.l(libinit2.o)
    0x080001a6   0x080001a6   0x00000000   Code   RO          686    .ARM.Collect$$libinit$$00000023  c_w.l(libinit2.o)
    0x080001a6   0x080001a6   0x00000000   Code   RO          688    .ARM.Collect$$libinit$$00000025  c_w.l(libinit2.o)
    0x080001a6   0x080001a6   0x00000000   Code   RO          692    .ARM.Collect$$libinit$$0000002C  c_w.l(libinit2.o)
    0x080001a6   0x080001a6   0x00000000   Code   RO          694    .ARM.Collect$$libinit$$0000002E  c_w.l(libinit2.o)
    0x080001a6   0x080001a6   0x00000000   Code   RO          696    .ARM.Collect$$libinit$$00000030  c_w.l(libinit2.o)
    0x080001a6   0x080001a6   0x00000000   Code   RO          698    .ARM.Collect$$libinit$$00000032  c_w.l(libinit2.o)
    0x080001a6   0x080001a6   0x00000002   Code   RO          699    .ARM.Collect$$libinit$$00000033  c_w.l(libinit2.o)
    0x080001a8   0x080001a8   0x00000002   Code   RO          719    .ARM.Collect$$libshutdown$$00000000  c_w.l(libshutdown.o)
    0x080001aa   0x080001aa   0x00000000   Code   RO          732    .ARM.Collect$$libshutdown$$00000002  c_w.l(libshutdown2.o)
    0x080001aa   0x080001aa   0x00000000   Code   RO          734    .ARM.Collect$$libshutdown$$00000004  c_w.l(libshutdown2.o)
    0x080001aa   0x080001aa   0x00000000   Code   RO          737    .ARM.Collect$$libshutdown$$00000007  c_w.l(libshutdown2.o)
    0x080001aa   0x080001aa   0x00000000   Code   RO          740    .ARM.Collect$$libshutdown$$0000000A  c_w.l(libshutdown2.o)
    0x080001aa   0x080001aa   0x00000000   Code   RO          742    .ARM.Collect$$libshutdown$$0000000C  c_w.l(libshutdown2.o)
    0x080001aa   0x080001aa   0x00000000   Code   RO          745    .ARM.Collect$$libshutdown$$0000000F  c_w.l(libshutdown2.o)
    0x080001aa   0x080001aa   0x00000002   Code   RO          746    .ARM.Collect$$libshutdown$$00000010  c_w.l(libshutdown2.o)
    0x080001ac   0x080001ac   0x00000000   Code   RO          611    .ARM.Collect$$rtentry$$00000000  c_w.l(__rtentry.o)
    0x080001ac   0x080001ac   0x00000000   Code   RO          626    .ARM.Collect$$rtentry$$00000002  c_w.l(__rtentry2.o)
    0x080001ac   0x080001ac   0x00000006   Code   RO          638    .ARM.Collect$$rtentry$$00000004  c_w.l(__rtentry4.o)
    0x080001b2   0x080001b2   0x00000000   Code   RO          628    .ARM.Collect$$rtentry$$00000009  c_w.l(__rtentry2.o)
    0x080001b2   0x080001b2   0x00000004   Code   RO          629    .ARM.Collect$$rtentry$$0000000A  c_w.l(__rtentry2.o)
    0x080001b6   0x080001b6   0x00000000   Code   RO          631    .ARM.Collect$$rtentry$$0000000C  c_w.l(__rtentry2.o)
    0x080001b6   0x080001b6   0x00000008   Code   RO          632    .ARM.Collect$$rtentry$$0000000D  c_w.l(__rtentry2.o)
    0x080001be   0x080001be   0x00000002   Code   RO          653    .ARM.Collect$$rtexit$$00000000  c_w.l(rtexit.o)
    0x080001c0   0x080001c0   0x00000000   Code   RO          701    .ARM.Collect$$rtexit$$00000002  c_w.l(rtexit2.o)
    0x080001c0   0x080001c0   0x00000004   Code   RO          702    .ARM.Collect$$rtexit$$00000003  c_w.l(rtexit2.o)
    0x080001c4   0x080001c4   0x00000006   Code   RO          703    .ARM.Collect$$rtexit$$00000004  c_w.l(rtexit2.o)
    0x080001ca   0x080001ca   0x00000002   PAD
    0x080001cc   0x080001cc   0x000004b2   Code   RO            1    .text               stm32f10x_lora.o
    0x0800067e   0x0800067e   0x00000002   PAD
    0x08000680   0x08000680   0x00000a64   Code   RO          114    .text               stm32f10x_scom.o
    0x080010e4   0x080010e4   0x00000134   Code   RO          133    .text               stm32f10x_scom_it.o
    0x08001218   0x08001218   0x000004a4   Code   RO          148    .text               stm32f10x_pwmout.o
    0x080016bc   0x080016bc   0x00000230   Code   RO          171    .text               stm32f10x_cardrive.o
    0x080018ec   0x080018ec   0x00000280   Code   RO          197    .text               stm32f10x_motor.o
    0x08001b6c   0x08001b6c   0x0000002e   Code   RO          215    .text               stm32f10x_pulsetime_it.o
    0x08001b9a   0x08001b9a   0x00000002   PAD
    0x08001b9c   0x08001b9c   0x0000062c   Code   RO          231    .text               stm32f10x_pulsetime.o
    0x080021c8   0x080021c8   0x000000e4   Code   RO          250    .text               shm_car.o
    0x080022ac   0x080022ac   0x000002c2   Code   RO          275    .text               stm32f10x_mapscomandsbus.o
    0x0800256e   0x0800256e   0x00000002   PAD
    0x08002570   0x08002570   0x00000146   Code   RO          287    .text               main.o
    0x080026b6   0x080026b6   0x0000002c   Code   RO          314    .text               taskcarctrl.o
    0x080026e2   0x080026e2   0x00000002   PAD
    0x080026e4   0x080026e4   0x000000fc   Code   RO          326    .text               taskcomm.o
    0x080027e0   0x080027e0   0x000000aa   Code   RO          342    .text               taskdatapars.o
    0x0800288a   0x0800288a   0x00000002   PAD
    0x0800288c   0x0800288c   0x00000048   Code   RO          386    .text               startup_stm32f10x_hd.o
    0x080028d4   0x080028d4   0x000000dc   Code   RO          390    .text               misc.o
    0x080029b0   0x080029b0   0x000005bc   Code   RO          402    .text               stm32f10x_flash.o
    0x08002f6c   0x08002f6c   0x0000035c   Code   RO          414    .text               stm32f10x_gpio.o
    0x080032c8   0x080032c8   0x000003a4   Code   RO          426    .text               stm32f10x_rcc.o
    0x0800366c   0x0800366c   0x00000e1a   Code   RO          452    .text               stm32f10x_tim.o
    0x08004486   0x08004486   0x00000002   PAD
    0x08004488   0x08004488   0x00000254   Code   RO          464    .text               stm32f10x_dma.o
    0x080046dc   0x080046dc   0x00000408   Code   RO          476    .text               stm32f10x_usart.o
    0x08004ae4   0x08004ae4   0x0000011c   Code   RO          488    .text               stm32f10x_exti.o
    0x08004c00   0x08004c00   0x00000070   Code   RO          500    .text               device_timer.o
    0x08004c70   0x08004c70   0x0000014c   Code   RO          515    .text               scheduler.o
    0x08004dbc   0x08004dbc   0x0000012c   Code   RO          531    .text               time.o
    0x08004ee8   0x08004ee8   0x0000008a   Code   RO          549    .text               c_w.l(rt_memcpy_v6.o)
    0x08004f72   0x08004f72   0x00000064   Code   RO          551    .text               c_w.l(rt_memcpy_w.o)
    0x08004fd6   0x08004fd6   0x00000006   Code   RO          553    .text               c_w.l(heapauxi.o)
    0x08004fdc   0x08004fdc   0x0000004a   Code   RO          640    .text               c_w.l(sys_stackheap_outer.o)
    0x08005026   0x08005026   0x00000012   Code   RO          642    .text               c_w.l(exit.o)
    0x08005038   0x08005038   0x00000008   Code   RO          650    .text               c_w.l(libspace.o)
    0x08005040   0x08005040   0x0000000c   Code   RO          711    .text               c_w.l(sys_exit.o)
    0x0800504c   0x0800504c   0x00000002   Code   RO          722    .text               c_w.l(use_no_semi.o)
    0x0800504e   0x0800504e   0x00000000   Code   RO          724    .text               c_w.l(indicate_semi.o)
    0x0800504e   0x0800504e   0x00000002   PAD
    0x08005050   0x08005050   0x000000dc   Code   RO          604    i.ceil              m_ws.l(ceil.o)
    0x0800512c   0x0800512c   0x0000007c   Code   RO          608    i.floorf            m_ws.l(floorf.o)
    0x080051a8   0x080051a8   0x00000062   Code   RO          557    x$fpl$d2f           fz_ws.l(d2f.o)
    0x0800520a   0x0800520a   0x00000002   PAD
    0x0800520c   0x0800520c   0x00000150   Code   RO          559    x$fpl$dadd          fz_ws.l(daddsub_clz.o)
    0x0800535c   0x0800535c   0x00000018   Code   RO          612    x$fpl$dcmpinf       fz_ws.l(dcmpi.o)
    0x08005374   0x08005374   0x0000005a   Code   RO          565    x$fpl$dfixu         fz_ws.l(dfixu.o)
    0x080053ce   0x080053ce   0x00000002   PAD
    0x080053d0   0x080053d0   0x00000078   Code   RO          569    x$fpl$dleqf         fz_ws.l(dleqf.o)
    0x08005448   0x08005448   0x00000154   Code   RO          571    x$fpl$dmul          fz_ws.l(dmul.o)
    0x0800559c   0x0800559c   0x0000009c   Code   RO          614    x$fpl$dnaninf       fz_ws.l(dnaninf.o)
    0x08005638   0x08005638   0x0000000c   Code   RO          616    x$fpl$dretinf       fz_ws.l(dretinf.o)
    0x08005644   0x08005644   0x0000006c   Code   RO          573    x$fpl$drleqf        fz_ws.l(drleqf.o)
    0x080056b0   0x080056b0   0x00000016   Code   RO          560    x$fpl$drsb          fz_ws.l(daddsub_clz.o)
    0x080056c6   0x080056c6   0x00000002   PAD
    0x080056c8   0x080056c8   0x000001d4   Code   RO          561    x$fpl$dsub          fz_ws.l(daddsub_clz.o)
    0x0800589c   0x0800589c   0x00000056   Code   RO          575    x$fpl$f2d           fz_ws.l(f2d.o)
    0x080058f2   0x080058f2   0x00000002   PAD
    0x080058f4   0x080058f4   0x000000c4   Code   RO          577    x$fpl$fadd          fz_ws.l(faddsub_clz.o)
    0x080059b8   0x080059b8   0x00000018   Code   RO          618    x$fpl$fcmpinf       fz_ws.l(fcmpi.o)
    0x080059d0   0x080059d0   0x00000184   Code   RO          584    x$fpl$fdiv          fz_ws.l(fdiv.o)
    0x08005b54   0x08005b54   0x0000003e   Code   RO          587    x$fpl$ffixu         fz_ws.l(ffixu.o)
    0x08005b92   0x08005b92   0x00000002   PAD
    0x08005b94   0x08005b94   0x00000030   Code   RO          592    x$fpl$fflt          fz_ws.l(fflt_clz.o)
    0x08005bc4   0x08005bc4   0x00000026   Code   RO          591    x$fpl$ffltu         fz_ws.l(fflt_clz.o)
    0x08005bea   0x08005bea   0x00000002   PAD
    0x08005bec   0x08005bec   0x00000068   Code   RO          597    x$fpl$fleqf         fz_ws.l(fleqf.o)
    0x08005c54   0x08005c54   0x00000102   Code   RO          599    x$fpl$fmul          fz_ws.l(fmul.o)
    0x08005d56   0x08005d56   0x0000008c   Code   RO          620    x$fpl$fnaninf       fz_ws.l(fnaninf.o)
    0x08005de2   0x08005de2   0x0000000a   Code   RO          622    x$fpl$fretinf       fz_ws.l(fretinf.o)
    0x08005dec   0x08005dec   0x00000062   Code   RO          601    x$fpl$frleqf        fz_ws.l(frleqf.o)
    0x08005e4e   0x08005e4e   0x00000002   PAD
    0x08005e50   0x08005e50   0x000000ea   Code   RO          579    x$fpl$fsub          fz_ws.l(faddsub_clz.o)
    0x08005f3a   0x08005f3a   0x00000000   Code   RO          624    x$fpl$usenofp       fz_ws.l(usenofp.o)
    0x08005f3a   0x08005f3a   0x00000002   PAD
    0x08005f3c   0x08005f3c   0x00000044   Data   RO          233    .constdata          stm32f10x_pulsetime.o
    0x08005f80   0x08005f80   0x00000020   Data   RO          777    Region$$Table       anon$$obj.o


    Execution Region RW_IRAM1 (Exec base: 0x20000000, Load base: 0x08005fa0, Size: 0x00001050, Max: 0x00010000, ABSOLUTE)

    Exec Addr    Load Addr    Size         Type   Attr      Idx    E Section Name        Object

    0x20000000   0x08005fa0   0x00000004   Data   RW            3    .data               stm32f10x_lora.o
    0x20000004   0x08005fa4   0x0000000a   Data   RW          116    .data               stm32f10x_scom.o
    0x2000000e   0x08005fae   0x00000002   PAD
    0x20000010   0x08005fb0   0x00000004   Data   RW          150    .data               stm32f10x_pwmout.o
    0x20000014   0x08005fb4   0x00000001   Data   RW          327    .data               taskcomm.o
    0x20000015   0x08005fb5   0x00000014   Data   RW          427    .data               stm32f10x_rcc.o
    0x20000029   0x08005fc9   0x00000001   Data   RW          517    .data               scheduler.o
    0x2000002a   0x08005fca   0x00000002   PAD
    0x2000002c   0x08005fcc   0x0000000c   Data   RW          533    .data               time.o
    0x20000038        -       0x00000180   Zero   RW            2    .bss                stm32f10x_lora.o
    0x200001b8        -       0x00000204   Zero   RW          115    .bss                stm32f10x_scom.o
    0x200003bc        -       0x00000180   Zero   RW          149    .bss                stm32f10x_pwmout.o
    0x2000053c        -       0x0000001c   Zero   RW          172    .bss                stm32f10x_cardrive.o
    0x20000558        -       0x00000090   Zero   RW          198    .bss                stm32f10x_motor.o
    0x200005e8        -       0x00000160   Zero   RW          232    .bss                stm32f10x_pulsetime.o
    0x20000748        -       0x00000050   Zero   RW          251    .bss                shm_car.o
    0x20000798        -       0x00000034   Zero   RW          516    .bss                scheduler.o
    0x200007cc        -       0x00000024   Zero   RW          532    .bss                time.o
    0x200007f0        -       0x00000060   Zero   RW          651    .bss                c_w.l(libspace.o)
    0x20000850        -       0x00000000   Zero   RW          384    HEAP                startup_stm32f10x_hd.o
    0x20000850        -       0x00000800   Zero   RW          383    STACK               startup_stm32f10x_hd.o


==============================================================================

Image component sizes


      Code (inc. data)   RO Data    RW Data    ZI Data      Debug   Object Name

         0          0          0          0          0         32   core_cm3.o
       112          8          0          0          0       5128   device_timer.o
       326          0          0          0          0       2304   main.o
       220         22          0          0          0       1825   misc.o
       332         12          0          1         52       2087   scheduler.o
       228          4          0          0         80       6259   shm_car.o
        72         26        304          0       2048        908   startup_stm32f10x_hd.o
       560         24          0          0         28       8468   stm32f10x_cardrive.o
       596          8          0          0          0       4394   stm32f10x_dma.o
       284         10          0          0          0       2287   stm32f10x_exti.o
      1468         34          0          0          0       8238   stm32f10x_flash.o
       860         38          0          0          0       5765   stm32f10x_gpio.o
      1202         40          0          4        384     286132   stm32f10x_lora.o
       706          0          0          0          0       1770   stm32f10x_mapscomandsbus.o
       640         32          0          0        144       5139   stm32f10x_motor.o
      1580         94         68          0        352      11534   stm32f10x_pulsetime.o
        46          0          0          0          0       1206   stm32f10x_pulsetime_it.o
      1188         88          0          4        384       7423   stm32f10x_pwmout.o
       932         36          0         20          0       8976   stm32f10x_rcc.o
      2660        148          0         10        516       8707   stm32f10x_scom.o
       308         14          0          0          0       1391   stm32f10x_scom_it.o
      3610         88          0          0          0      22872   stm32f10x_tim.o
      1032         22          0          0          0       8484   stm32f10x_usart.o
        44          0          0          0          0        719   taskcarctrl.o
       252          8          0          1          0       1247   taskcomm.o
       170          0          0          0          0        708   taskdatapars.o
       300         22          0         12         36       2615   time.o

    ----------------------------------------------------------------------
     19740        778        404         56       4024     416618   Object Totals
         0          0         32          0          0          0   (incl. Generated)
        12          0          0          4          0          0   (incl. Padding)

    ----------------------------------------------------------------------

      Code (inc. data)   RO Data    RW Data    ZI Data      Debug   Library Member Name

         8          0          0          0          0         68   __main.o
         0          0          0          0          0          0   __rtentry.o
        12          0          0          0          0          0   __rtentry2.o
         6          0          0          0          0          0   __rtentry4.o
        52          8          0          0          0          0   __scatter.o
        26          0          0          0          0          0   __scatter_copy.o
        28          0          0          0          0          0   __scatter_zi.o
        18          0          0          0          0         80   exit.o
         6          0          0          0          0        152   heapauxi.o
         0          0          0          0          0          0   indicate_semi.o
         2          0          0          0          0          0   libinit.o
         2          0          0          0          0          0   libinit2.o
         2          0          0          0          0          0   libshutdown.o
         2          0          0          0          0          0   libshutdown2.o
         8          4          0          0         96         68   libspace.o
       138          0          0          0          0         68   rt_memcpy_v6.o
       100          0          0          0          0         80   rt_memcpy_w.o
         2          0          0          0          0          0   rtexit.o
        10          0          0          0          0          0   rtexit2.o
        12          4          0          0          0         68   sys_exit.o
        74          0          0          0          0         80   sys_stackheap_outer.o
         2          0          0          0          0         68   use_no_semi.o
        98          4          0          0          0         92   d2f.o
       826         16          0          0          0        348   daddsub_clz.o
        24          0          0          0          0         68   dcmpi.o
        90          4          0          0          0         92   dfixu.o
       120          4          0          0          0         92   dleqf.o
       340         12          0          0          0        104   dmul.o
       156          4          0          0          0         92   dnaninf.o
        12          0          0          0          0         68   dretinf.o
       108          0          0          0          0         80   drleqf.o
        86          4          0          0          0         84   f2d.o
       430          8          0          0          0        168   faddsub_clz.o
        24          0          0          0          0         68   fcmpi.o
       388         76          0          0          0         96   fdiv.o
        62          4          0          0          0         84   ffixu.o
        86          0          0          0          0        136   fflt_clz.o
       104          4          0          0          0         84   fleqf.o
       258          4          0          0          0         84   fmul.o
       140          4          0          0          0         84   fnaninf.o
        10          0          0          0          0         68   fretinf.o
        98          0          0          0          0         68   frleqf.o
         0          0          0          0          0          0   usenofp.o
       220         16          0          0          0         84   ceil.o
       124         12          0          0          0         84   floorf.o

    ----------------------------------------------------------------------
      4336        192          0          0         96       2960   Library Totals
        22          0          0          0          0          0   (incl. Padding)

    ----------------------------------------------------------------------

      Code (inc. data)   RO Data    RW Data    ZI Data      Debug   Library Name

       510         16          0          0         96        732   c_w.l
      3460        148          0          0          0       2060   fz_ws.l
       344         28          0          0          0        168   m_ws.l

    ----------------------------------------------------------------------
      4336        192          0          0         96       2960   Library Totals

    ----------------------------------------------------------------------

==============================================================================


      Code (inc. data)   RO Data    RW Data    ZI Data      Debug   

     24076        970        404         56       4120     415466   Grand Totals
     24076        970        404         56       4120     415466   ELF Image Totals
     24076        970        404         56          0          0   ROM Totals

==============================================================================

    Total RO  Size (Code + RO Data)                24480 (  23.91kB)
    Total RW  Size (RW Data + ZI Data)              4176 (   4.08kB)
    Total ROM Size (Code + RO Data + RW Data)      24536 (  23.96kB)

==============================================================================

